Archive member included to satisfy reference by file (symbol)

../fb/lib/libfb.a(console.o)  build/syscalls.o (console_putc)
../fb/lib/libfb.a(fb.o)       build/main.o (fb_init)
../fb/lib/libfb.a(font.o)     ../fb/lib/libfb.a(console.o) (FONT)
../ff9b/lib/libff9b.a(ff.o)   build/dmx_devices.o (f_mount)
../ff9b/lib/libff9b.a(ccsbcs.o)
                              ../ff9b/lib/libff9b.a(ff.o) (ff_convert)
../emmc/lib/libemmc.a(diskio.o)
                              ../ff9b/lib/libff9b.a(ff.o) (disk_initialize)
../emmc/lib/libemmc.a(block_cache.o)
                              ../emmc/lib/libemmc.a(diskio.o) (cache_read)
../emmc/lib/libemmc.a(sd.o)   ../emmc/lib/libemmc.a(diskio.o) (sd_card_init)
../emmc/lib/libemmc.a(qmemcpy.o)
                              ../emmc/lib/libemmc.a(block_cache.o) (qmemcpy)
../emmc/lib/libemmc.a(bcm2835_emmc.o)
                              ../emmc/lib/libemmc.a(sd.o) (bcm2835_emmc_reset_cmd)
../hal-baremetal/lib/libhal.a(sys_time.o)
                              build/main.o (sys_time_init)
../bob-baremetal/lib/libbob.a(bw_i2c_ui.o)
                              build/main.o (bw_i2c_ui_start)
../bob-baremetal/lib/libbob.a(bw_spi_7fets.o)
                              build/devices/bw_spi_7fets.o (bw_spi_7fets_start)
../bob-baremetal/lib/libbob.a(bw_spi_dimmer.o)
                              build/devices/bw_spi_dimmer.o (bw_spi_dimmer_start)
../bob-baremetal/lib/libbob.a(bw_spi_dio.o)
                              build/devices/bw_spi_dio.o (bw_spi_dio_start)
../bob-baremetal/lib/libbob.a(bw_spi_lcd.o)
                              build/devices/bw_spi_lcd.o (bw_spi_lcd_start)
../bob-baremetal/lib/libbob.a(bw_spi_relay.o)
                              build/devices/bw_spi_relay.o (bw_spi_relay_start)
../bob-baremetal/lib/libbob.a(mcp23s08.o)
                              build/devices/mcp23s08.o (mcp23s08_start)
../bob-baremetal/lib/libbob.a(mcp7941x.o)
                              ../hal-baremetal/lib/libhal.a(sys_time.o) (mcp7941x_start)
../bcm2835-baremetal/lib/libbcm2835.a(bcm2835_gpio.o)
                              build/dmx_data.o (bcm2835_gpio_set_pud)
../bcm2835-baremetal/lib/libbcm2835.a(bcm2835_i2c.o)
                              ../bob-baremetal/lib/libbob.a(bw_i2c_ui.o) (bcm2835_i2c_begin)
../bcm2835-baremetal/lib/libbcm2835.a(bcm2835_led.o)
                              build/main.o (led_set)
../bcm2835-baremetal/lib/libbcm2835.a(bcm2835_mailbox.o)
                              ../fb/lib/libfb.a(fb.o) (bcm2835_mailbox_read)
../bcm2835-baremetal/lib/libbcm2835.a(bcm2835_spi.o)
                              build/devices/mcp4822.o (bcm2835_spi_begin)
../bcm2835-baremetal/lib/libbcm2835.a(bcm2835_vc.o)
                              ../emmc/lib/libemmc.a(bcm2835_emmc.o) (bcm2835_vc_get_clock_rate)
../bcm2835-baremetal/lib/libbcm2835.a(bcm2835_wdog.o)
                              build/main.o (watchdog_init)
../bcm2835-baremetal/lib/libbcm2835.a(bcm2835_spi_write.o)
                              build/devices/mcp4822.o (bcm2835_spi_write)
../bcm2835-baremetal/lib/libbcm2835.a(bcm2835_udelay.o)
                              ../emmc/lib/libemmc.a(sd.o) (udelay)
/opt/gnuarm-hardfp/arm-none-eabi/lib//libc.a(lib_a-errno.o)
                              build/syscalls.o (__errno)
/opt/gnuarm-hardfp/arm-none-eabi/lib//libc.a(lib_a-impure.o)
                              /opt/gnuarm-hardfp/arm-none-eabi/lib//libc.a(lib_a-errno.o) (_impure_ptr)
/opt/gnuarm-hardfp/arm-none-eabi/lib//libc.a(lib_a-lcltime.o)
                              build/ui_function_clock.o (localtime)
/opt/gnuarm-hardfp/arm-none-eabi/lib//libc.a(lib_a-lcltime_r.o)
                              /opt/gnuarm-hardfp/arm-none-eabi/lib//libc.a(lib_a-lcltime.o) (localtime_r)
/opt/gnuarm-hardfp/arm-none-eabi/lib//libc.a(lib_a-malloc.o)
                              ../emmc/lib/libemmc.a(diskio.o) (malloc)
/opt/gnuarm-hardfp/arm-none-eabi/lib//libc.a(lib_a-mallocr.o)
                              /opt/gnuarm-hardfp/arm-none-eabi/lib//libc.a(lib_a-malloc.o) (_malloc_r)
/opt/gnuarm-hardfp/arm-none-eabi/lib//libc.a(lib_a-memcpy.o)
                              ../emmc/lib/libemmc.a(qmemcpy.o) (memcpy)
/opt/gnuarm-hardfp/arm-none-eabi/lib//libc.a(lib_a-memmove.o)
                              ../fb/lib/libfb.a(console.o) (memmove)
/opt/gnuarm-hardfp/arm-none-eabi/lib//libc.a(lib_a-memset.o)
                              build/ui_dmx_function_slave.o (memset)
/opt/gnuarm-hardfp/arm-none-eabi/lib//libc.a(lib_a-mktime.o)
                              ../hal-baremetal/lib/libhal.a(sys_time.o) (mktime)
/opt/gnuarm-hardfp/arm-none-eabi/lib//libc.a(lib_a-mlock.o)
                              /opt/gnuarm-hardfp/arm-none-eabi/lib//libc.a(lib_a-mallocr.o) (__malloc_lock)
/opt/gnuarm-hardfp/arm-none-eabi/lib//libc.a(lib_a-month_lengths.o)
                              /opt/gnuarm-hardfp/arm-none-eabi/lib//libc.a(lib_a-lcltime_r.o) (__month_lengths)
/opt/gnuarm-hardfp/arm-none-eabi/lib//libc.a(lib_a-printf.o)
[...]
Memory Configuration

Name             Origin             Length             Attributes
ram              0x00008000         0x07ff8000
*default*        0x00000000         0xffffffff

Linker script and memory map

LOAD build/vectors.o
LOAD build/dmx_data.o
LOAD build/dmx_devices.o
LOAD build/irq_led.o
LOAD build/ui_dmx_function_analyzer.o
LOAD build/ui_dmx_function_slave.o
LOAD build/ui_function_clock.o
LOAD build/ui_function_reboot.o
LOAD build/ui_functions.o
LOAD build/main.o
LOAD build/syscalls.o
LOAD build/devices/bw_spi_7fets.o
LOAD build/devices/bw_spi_dimmer.o
LOAD build/devices/bw_spi_dio.o
LOAD build/devices/bw_spi_lcd.o
LOAD build/devices/bw_spi_relay.o
LOAD build/devices/mcp23s08.o
LOAD build/devices/mcp4822.o
LOAD build/devices/mcp4902.o
                0x00008000                __ram_start = ORIGIN (ram)
                0x07ff8000                __ram_size = 0x7ff8000
                0x08000000                __ram_end = (__ram_start + __ram_size)
                0x00000400                __und_stack_size = 0x400
                0x00000400                __abt_stack_size = 0x400
                0x00000400                __fiq_stack_size = 0x400
                0x00000400                __irq_stack_size = 0x400
                0x00000400                __svc_stack_size = 0x400
                0x00000400                __sys_stack_size = 0x400

.init           0x00008000       0xe0
                0x00008000                . = ALIGN (0x4)
 *(.init)
 .init          0x00008000       0xe0 build/vectors.o
                0x00008000                _start

.text           0x000080e0    0x22064
                0x000080e0                . = ALIGN (0x4)
 *(.text*)
 .text          0x000080e0       0x50 build/vectors.o
                0x000080e0                hang
                0x000080e4                __enable_irq
                0x000080f4                __disable_irq
                0x00008104                __enable_fiq
                0x00008114                __disable_fiq
                0x00008124                memory_barrier
 .text          0x00008130      0x194 build/dmx_data.o
                0x00008130                pl011_dmx512_init
                0x000081d4                fiq_init
                0x000081f8                c_fiq_handler
 .text          0x000082c4      0x334 build/dmx_devices.o
                0x000082c4                dmx_devices_read_config
                0x000084d8                dmx_devices_init
                0x00008528                dmx_devices_run
                0x000085b8                print_devices_counter
 .text          0x000085f8       0xb8 build/irq_led.o
                0x000085f8                irq_init
                0x00008640                c_irq_handler
 .text          0x000086b0      0x460 build/ui_dmx_function_analyzer.o
                0x000086b0                dmx_analyzer
 .text          0x00008b10      0x270 build/ui_dmx_function_slave.o
                0x00008b10                dmx_slave
 .text          0x00008d80      0x160 build/ui_function_clock.o
                0x00008d80                clock_time
 .text          0x00008ee0       0x78 build/ui_function_reboot.o
                0x00008ee0                reboot
 .text          0x00008f58      0x214 build/ui_functions.o
                0x00008f58                ui_lcd_refresh
                0x000090e4                ui_buttons_update
 .text          0x0000916c      0x1ac build/main.o
                0x0000916c                notmain
 .text          0x00009318      0x160 build/syscalls.o
                0x00009318                initialise_monitor_handles
                0x0000931c                _read
                0x00009324                _lseek
                0x0000932c                _write
                0x00009358                _open
                0x00009368                _close
                0x00009370                _exit
                0x00009374                _kill
                0x0000937c                _getpid
                0x00009384                _sbrk
                0x000093c0                _fstat
                0x000093c8                _stat
                0x000093d0                _link
                0x000093d8                _unlink
                0x000093e0                _raise
                0x000093e4                _gettimeofday
                0x0000940c                _times
                0x0000942c                _isatty
                0x00009434                _system
                0x00009460                _rename
 .text          0x00009478       0xe8 build/devices/bw_spi_7fets.o
 .text          0x00009560       0x44 build/devices/bw_spi_dimmer.o
 .text          0x000095a4       0xf4 build/devices/bw_spi_dio.o
 .text          0x00009698      0x1b0 build/devices/bw_spi_lcd.o
 .text          0x00009848       0x78 build/devices/bw_spi_relay.o
 .text          0x000098c0      0x270 build/devices/mcp23s08.o
 .text          0x00009b30       0xb0 build/devices/mcp4822.o
 .text          0x00009be0       0xa8 build/devices/mcp4902.o
 .text          0x00009c88      0x500 ../fb/lib/libfb.a(console.o)
                0x00009c88                console_draw_char
                0x00009df0                console_putc
                0x0000a0c0                console_clear
                0x0000a0fc                console_set_cursor
                0x0000a120                console_set_fg_color
                0x0000a130                console_set_bg_color
                0x0000a140                console_clear_line
 .text          0x0000a188       0xd4 ../fb/lib/libfb.a(fb.o)
                0x0000a188                fb_init
 .text          0x0000a25c        0x0 ../fb/lib/libfb.a(font.o)
 .text          0x0000a25c     0xa1bc ../ff9b/lib/libff9b.a(ff.o)
                0x0000e294                clust2sect
                0x0000e2b8                get_fat
                0x0000e694                put_fat
                0x0000eae4                gen_numname
                0x0000ef08                f_mount
                0x0000ef44                f_open
                0x0000f6b8                f_read
                0x0000f76c                f_write
                0x0000fbfc                f_sync
                0x0000fe10                f_close
                0x0001002c                f_lseek
                0x00010320                f_opendir
                0x00010904                f_readdir
                0x000109d8                f_stat
                0x00010fa8                f_getfree
                0x000111f0                f_truncate
                0x000114ac                f_unlink
                0x00011b64                f_mkdir
                0x000123c4                f_chmod
                0x000129dc                f_utime
                0x00012ff0                f_rename
                0x00013788                f_gets
                0x0001386c                f_putc
                0x00013af0                f_puts
                0x00013da0                f_printf
 .text.unlikely
                0x00014418       0x8c ../ff9b/lib/libff9b.a(ff.o)
 .text          0x000144a4       0xac ../ff9b/lib/libff9b.a(ccsbcs.o)
                0x000144a4                ff_convert
                0x00014510                ff_wtoupper
 .text          0x00014550      0x1ac ../emmc/lib/libemmc.a(diskio.o)
                0x00014550                sd_aligned_malloc
                0x00014580                sd_aligned_free
                0x00014588                disk_initialize
                0x00014620                disk_read
                0x00014690                disk_write
                0x000146cc                disk_status
                0x000146e8                disk_ioctl
                0x000146f0                get_fattime
 .text          0x000146fc      0x264 ../emmc/lib/libemmc.a(block_cache.o)
                0x000146fc                cache_read
                0x00014794                cache_write
                0x00014850                cache_init
 .text          0x00014960      0xf08 ../emmc/lib/libemmc.a(sd.o)
                0x00014960                sd_card_init
                0x00015558                sd_read
                0x000156e0                sd_write
 .text          0x00015868       0x34 ../emmc/lib/libemmc.a(qmemcpy.o)
                0x00015868                qmemcpy
                0x00015880                quick_memcpy
 .text          0x0001589c      0xb44 ../emmc/lib/libemmc.a(bcm2835_emmc.o)
                0x0001589c                bcm2835_emmc_sdcard_power_off
                0x000158a0                bcm2835_emmc_reset_cmd
                0x00015928                bcm2835_emmc_reset_dat
                0x000159a4                bcm2835_emmc_set_clock
                0x00015a84                bcm2825_emmc_init
                0x00015ce8                bcm2835_emmc_issue_command
                0x000161c0                bcm2835_emmc_handle_interrupts
                0x00016354                bcm2835_emmc_enable_all_interrupts_not_arm
                0x00016378                bcm2835_emmc_disable_card_interrupt
                0x00016390                bcm2835_emmc_4bit_mode_change_bit
                0x000163ac                bcm2835_emmc_set_block_size
                0x000163cc                bcm2835_emmc_reset_interrupt_register
 .text          0x000163e0       0xe4 ../hal-baremetal/lib/libhal.a(sys_time.o)
                0x000163e0                sys_time_init
                0x00016474                sys_time
 .text          0x000164c4      0x884 ../bob-baremetal/lib/libbob.a(bw_i2c_ui.o)
                0x000164c4                bw_i2c_ui_start
                0x000164ec                bw_i2c_ui_end
                0x000164f0                bw_i2c_ui_set_cursor
                0x0001655c                bw_i2c_ui_text
                0x000165e8                bw_i2c_ui_text_line_1
                0x000166b0                bw_i2c_ui_text_line_2
                0x0001677c                bw_i2c_ui_text_line_3
                0x00016848                bw_i2c_ui_text_line_4
                0x00016914                bw_i2c_ui_cls
                0x0001696c                bw_i2c_ui_set_contrast
                0x000169c0                bw_i2c_ui_set_backlight
                0x00016a14                bw_i2c_ui_set_backlight_temp
                0x00016a68                bw_i2c_ui_set_startup_message_line_1
                0x00016ac8                bw_i2c_ui_set_startup_message_line_2
                0x00016acc                bw_i2c_ui_set_startup_message_line_3
                0x00016ad0                bw_i2c_ui_set_startup_message_line_4
                0x00016ad4                bw_i2c_ui_get_backlight
                0x00016b38                bw_i2c_ui_get_contrast
                0x00016b9c                bw_i2c_ui_reinit
                0x00016bf8                bw_i2c_ui_read_id
                0x00016c68                bw_i2c_ui_read_button
                0x00016ce0                bw_i2c_ui_read_button_last
 .text          0x00016d48       0xc8 ../bob-baremetal/lib/libbob.a(bw_spi_7fets.o)
                0x00016d48                bw_spi_7fets_start
                0x00016db8                bw_spi_7fets_end
                0x00016dbc                bw_spi_7fets_output
 .text          0x00016e10       0x7c ../bob-baremetal/lib/libbob.a(bw_spi_dimmer.o)
                0x00016e10                bw_spi_dimmer_start
                0x00016e34                bw_spi_dimmer_output
                0x00016e88                bw_spi_dimmer_end
 .text          0x00016e8c       0xc8 ../bob-baremetal/lib/libbob.a(bw_spi_dio.o)
                0x00016e8c                bw_spi_dio_start
                0x00016eb0                bw_spi_dio_end
                0x00016eb4                bw_spi_dio_fsel_mask
                0x00016f04                bw_spi_dio_output
 .text          0x00016f54      0x65c ../bob-baremetal/lib/libbob.a(bw_spi_lcd.o)
                0x00016f54                bw_spi_lcd_start
                0x00016f78                bw_spi_lcd_end
                0x00016f7c                bw_spi_lcd_set_cursor
                0x00016fe8                bw_spi_lcd_text
                0x00017060                bw_spi_lcd_text_line_1
                0x00017120                bw_spi_lcd_text_line_2
                0x000171e0                bw_spi_lcd_text_line_3
                0x000172a0                bw_spi_lcd_text_line_4
                0x00017360                bw_spi_lcd_cls
                0x000173c0                bw_spi_lcd_set_contrast
                0x00017414                bw_spi_lcd_set_backlight
                0x00017468                bw_spi_lcd_reinit
                0x000174d8                bw_spi_lcd_get_backlight
                0x00017544                bw_spi_lcd_get_contrast
 .text          0x000175b0       0xc8 ../bob-baremetal/lib/libbob.a(bw_spi_relay.o)
                0x000175b0                bw_spi_relay_start
                0x00017620                bw_spi_relay_end
                0x00017624                bw_spi_relay_output
 .text          0x00017678      0x2ac ../bob-baremetal/lib/libbob.a(mcp23s08.o)
                0x00017678                mcp23s08_start
                0x000176e0                mcp23s08_end
                0x000176e4                mcp23s08_reg_read
                0x0001772c                mcp23s08_reg_write
                0x00017774                mcp23s08_gpio_fsel
                0x0001780c                mcp23s08_gpio_set
                0x00017898                mcp23s08_gpio_clr
 .text          0x00017924      0x294 ../bob-baremetal/lib/libbob.a(mcp7941x.o)
                0x00017924                mcp7941x_start
                0x00017974                mcp7941x_end
                0x00017978                mcp7941x_get_date_time
                0x00017a98                mcp7941x_set_date_time
 .text          0x00017bb8       0x48 ../bcm2835-baremetal/lib/libbcm2835.a(bcm2835_gpio.o)
                0x00017bb8                bcm2835_gpio_set_pud
 .text          0x00017c00      0x2ac ../bcm2835-baremetal/lib/libbcm2835.a(bcm2835_i2c.o)
                0x00017c00                bcm2835_i2c_begin
                0x00017c3c                bcm2835_i2c_end
                0x00017c54                bcm2835_i2c_setSlaveAddress
                0x00017c64                bcm2835_i2c_setClockDivider
                0x00017c74                bcm2835_i2c_write
                0x00017d94                bcm2835_i2c_read
 .text          0x00017eac       0x70 ../bcm2835-baremetal/lib/libbcm2835.a(bcm2835_led.o)
                0x00017eac                led_set
                0x00017ec8                led_init
                0x00017ee4                led_new_pi_set
                0x00017f00                led_new_pi_init
 .text          0x00017f1c       0x5c ../bcm2835-baremetal/lib/libbcm2835.a(bcm2835_mailbox.o)
                0x00017f1c                bcm2835_mailbox_read
                0x00017f4c                bcm2835_mailbox_write
 .text          0x00017f78      0x2f4 ../bcm2835-baremetal/lib/libbcm2835.a(bcm2835_spi.o)
                0x00017f78                bcm2835_spi_begin
                0x00018010                bcm2835_spi_end
                0x00018038                bcm2835_spi_setBitOrder
                0x0001803c                bcm2835_spi_setClockDivider
                0x0001804c                bcm2835_spi_setDataMode
                0x00018070                bcm2835_spi_chipSelect
                0x00018090                bcm2835_spi_setChipSelectPolarity
                0x000180c0                bcm2835_spi_transfernb
                0x0001815c                bcm2835_spi_transfern
                0x000181fc                bcm2835_spi_writenb
 .text          0x0001826c      0x3c0 ../bcm2835-baremetal/lib/libbcm2835.a(bcm2835_vc.o)
                0x0001826c                bcm2835_vc_get_clock_rate
                0x000182f0                bcm2835_vc_set_clock_rate
                0x00018374                bcm2835_vc_get_power_state
                0x000183fc                bcm2835_vc_set_power_state
                0x00018480                bcm2835_vc_get_board_mac_address
                0x00018504                bcm2835_vc_get_get_firmware_revision
                0x00018564                bcm2835_vc_get_get_board_model
                0x000185c8                bcm2835_vc_get_get_board_revision
 .text          0x0001862c       0x78 ../bcm2835-baremetal/lib/libbcm2835.a(bcm2835_wdog.o)
                0x0001862c                watchdog_stop
                0x00018644                watchdog_init
                0x00018674                watchdog_feed
 .text          0x000186a4       0x58 ../bcm2835-baremetal/lib/libbcm2835.a(bcm2835_spi_write.o)
                0x000186a4                bcm2835_spi_write
 .text          0x000186fc       0x28 ../bcm2835-baremetal/lib/libbcm2835.a(bcm2835_udelay.o)
                0x000186fc                udelay
 .text          0x00018724       0x10 /opt/gnuarm-hardfp/arm-none-eabi/lib//libc.a(lib_a-errno.o)
                0x00018724                __errno
 .text          0x00018734        0x0 /opt/gnuarm-hardfp/arm-none-eabi/lib//libc.a(lib_a-impure.o)
 .text          0x00018734       0x14 /opt/gnuarm-hardfp/arm-none-eabi/lib//libc.a(lib_a-lcltime.o)
                0x00018734                localtime
 .text          0x00018748      0x378 /opt/gnuarm-hardfp/arm-none-eabi/lib//libc.a(lib_a-lcltime_r.o)
                0x00018748                localtime_r
 .text          0x00018ac0       0x28 /opt/gnuarm-hardfp/arm-none-eabi/lib//libc.a(lib_a-malloc.o)
                0x00018ac0                malloc
                0x00018ad4                free
 .text          0x00018ae8      0x724 /opt/gnuarm-hardfp/arm-none-eabi/lib//libc.a(lib_a-mallocr.o)
                0x00018ae8                _malloc_r
 .text          0x0001920c       0xf4 /opt/gnuarm-hardfp/arm-none-eabi/lib//libc.a(lib_a-memcpy.o)
                0x0001920c                memcpy
 .text          0x00019300      0x12c /opt/gnuarm-hardfp/arm-none-eabi/lib//libc.a(lib_a-memmove.o)
                0x00019300                memmove
 .text          0x0001942c       0xf0 /opt/gnuarm-hardfp/arm-none-eabi/lib//libc.a(lib_a-memset.o)
                0x0001942c                memset
 .text          0x0001951c      0x818 /opt/gnuarm-hardfp/arm-none-eabi/lib//libc.a(lib_a-mktime.o)
                0x00019848                mktime
 .text          0x00019d34        0x8 /opt/gnuarm-hardfp/arm-none-eabi/lib//libc.a(lib_a-mlock.o)
                0x00019d34                __malloc_lock
                0x00019d38                __malloc_unlock
 .text          0x00019d3c        0x0 /opt/gnuarm-hardfp/arm-none-eabi/lib//libc.a(lib_a-month_lengths.o)
 .text          0x00019d3c       0x74 /opt/gnuarm-hardfp/arm-none-eabi/lib//libc.a(lib_a-printf.o)
                0x00019d3c                _printf_r
                0x00019d70                printf
 .text          0x00019db0       0x38 /opt/gnuarm-hardfp/arm-none-eabi/lib//libc.a(lib_a-sbrkr.o)
                0x00019db0                _sbrk_r
 .text          0x00019de8      0x100 /opt/gnuarm-hardfp/arm-none-eabi/lib//libc.a(lib_a-sscanf.o)
                0x00019de8                sscanf
                0x00019e68                _sscanf_r
 .text          0x00019ee8       0xc0 /opt/gnuarm-hardfp/arm-none-eabi/lib//libc.a(lib_a-stdio.o)
                0x00019ee8                __sread
                0x00019f18                __seofread
                0x00019f20                __swrite
                0x00019f74                __sseek
                0x00019fa0                __sclose
 *fill*         0x00019fa8       0x18 
 .text          0x00019fc0      0x3a0 /opt/gnuarm-hardfp/arm-none-eabi/lib//libc.a(lib_a-strcmp.o)
                0x00019fc8                strcmp
 .text          0x0001a360       0x5c /opt/gnuarm-hardfp/arm-none-eabi/lib//libc.a(lib_a-strlen.o)
                0x0001a360                strlen
 .text          0x0001a3bc      0x110 /opt/gnuarm-hardfp/arm-none-eabi/lib//libc.a(lib_a-strncmp.o)
                0x0001a3bc                strncmp
 .text          0x0001a4cc       0xe0 /opt/gnuarm-hardfp/arm-none-eabi/lib//libc.a(lib_a-strncpy.o)
                0x0001a4cc                strncpy
 .text          0x0001a5ac     0x147c /opt/gnuarm-hardfp/arm-none-eabi/lib//libc.a(lib_a-svfscanf.o)
                0x0001a5ac                __ssvfscanf_r
 .text          0x0001ba28      0x234 /opt/gnuarm-hardfp/arm-none-eabi/lib//libc.a(lib_a-tzcalc_limits.o)
                0x0001ba28                __tzcalc_limits
 .text          0x0001bc5c        0x8 /opt/gnuarm-hardfp/arm-none-eabi/lib//libc.a(lib_a-tzlock.o)
                0x0001bc5c                __tz_lock
                0x0001bc60                __tz_unlock
 .text          0x0001bc64        0x0 /opt/gnuarm-hardfp/arm-none-eabi/lib//libc.a(lib_a-tzvars.o)
 *fill*         0x0001bc64        0x4 
 .text          0x0001bc68     0x1f68 /opt/gnuarm-hardfp/arm-none-eabi/lib//libc.a(lib_a-vfprintf.o)
                0x0001bc68                _vfprintf_r
                0x0001db00                vfprintf
 .text          0x0001dbd0       0x40 /opt/gnuarm-hardfp/arm-none-eabi/lib//libc.a(lib_a-writer.o)
                0x0001dbd0                _write_r
 .text          0x0001dc10      0x154 /opt/gnuarm-hardfp/arm-none-eabi/lib//libc.a(lib_a-wsetup.o)
                0x0001dc10                __swsetup_r
 .text          0x0001dd64       0x38 /opt/gnuarm-hardfp/arm-none-eabi/lib//libc.a(lib_a-closer.o)
                0x0001dd64                _close_r
 .text          0x0001dd9c        0x0 /opt/gnuarm-hardfp/arm-none-eabi/lib//libc.a(lib_a-ctype_.o)
 .text          0x0001dd9c       0x60 /opt/gnuarm-hardfp/arm-none-eabi/lib//libc.a(lib_a-div.o)
                0x0001dd9c                div
 *fill*         0x0001ddfc        0x4 
 .text          0x0001de00     0x14a0 /opt/gnuarm-hardfp/arm-none-eabi/lib//libc.a(lib_a-dtoa.o)
                0x0001dfc0                _dtoa_r
 .text          0x0001f2a0      0x2b8 /opt/gnuarm-hardfp/arm-none-eabi/lib//libc.a(lib_a-fflush.o)
                0x0001f2a0                __sflush_r
                0x0001f4d8                _fflush_r
                0x0001f528                fflush
 .text          0x0001f558      0x310 /opt/gnuarm-hardfp/arm-none-eabi/lib//libc.a(lib_a-findfp.o)
                0x0001f568                _cleanup_r
                0x0001f6d0                __sfmoreglue
                0x0001f718                __sfp
                0x0001f800                _cleanup
                0x0001f818                __sinit
                0x0001f828                __sfp_lock_acquire
                0x0001f82c                __sfp_lock_release
                0x0001f830                __sinit_lock_acquire
                0x0001f834                __sinit_lock_release
                0x0001f838                __fp_lock_all
                0x0001f850                __fp_unlock_all
 .text          0x0001f868      0x3ac /opt/gnuarm-hardfp/arm-none-eabi/lib//libc.a(lib_a-freer.o)
                0x0001f868                _malloc_trim_r
                0x0001f960                _free_r
 .text          0x0001fc14       0xf8 /opt/gnuarm-hardfp/arm-none-eabi/lib//libc.a(lib_a-fwalk.o)
                0x0001fc14                _fwalk
                0x0001fc8c                _fwalk_reent
 .text          0x0001fd0c        0xc /opt/gnuarm-hardfp/arm-none-eabi/lib//libc.a(lib_a-gettzinfo.o)
                0x0001fd0c                __gettzinfo
 .text          0x0001fd18      0x20c /opt/gnuarm-hardfp/arm-none-eabi/lib//libc.a(lib_a-gmtime_r.o)
                0x0001fd18                gmtime_r
 .text          0x0001ff24       0x28 /opt/gnuarm-hardfp/arm-none-eabi/lib//libc.a(lib_a-iswspace.o)
                0x0001ff24                iswspace
 .text          0x0001ff4c       0xd4 /opt/gnuarm-hardfp/arm-none-eabi/lib//libc.a(lib_a-locale.o)
                0x0001ff4c                _setlocale_r
                0x0001ffc0                __locale_charset
                0x0001ffcc                __locale_mb_cur_max
                0x0001ffdc                __locale_msgcharset
                0x0001ffe8                __locale_cjk_lang
                0x0001fff0                _localeconv_r
                0x0001fffc                setlocale
                0x00020014                localeconv
 .text          0x00020020       0x40 /opt/gnuarm-hardfp/arm-none-eabi/lib//libc.a(lib_a-lseekr.o)
                0x00020020                _lseek_r
 .text          0x00020060      0x160 /opt/gnuarm-hardfp/arm-none-eabi/lib//libc.a(lib_a-makebuf.o)
                0x00020060                __smakebuf_r
 .text          0x000201c0      0x128 /opt/gnuarm-hardfp/arm-none-eabi/lib//libc.a(lib_a-mbrtowc.o)
                0x000201c0                _mbrtowc_r
                0x00020250                mbrtowc
 .text          0x000202e8       0x98 /opt/gnuarm-hardfp/arm-none-eabi/lib//libc.a(lib_a-mbtowc_r.o)
                0x000202e8                __ascii_mbtowc
                0x00020334                _mbtowc_r
 .text          0x00020380      0x120 /opt/gnuarm-hardfp/arm-none-eabi/lib//libc.a(lib_a-memchr.o)
                0x00020380                memchr
 .text          0x000204a0      0xce8 /opt/gnuarm-hardfp/arm-none-eabi/lib//libc.a(lib_a-mprec.o)
                0x000204a0                _Balloc
                0x0002052c                _Bfree
                0x00020548                __multadd
                0x00020618                __s2b
                0x000206fc                __hi0bits
                0x00020758                __lo0bits
                0x000207f0                __i2b
                0x00020810                __multiply
                0x000209ec                __pow5mult
                0x00020aec                __lshift
                0x00020be0                __mcmp
                0x00020c44                __mdiff
                0x00020d80                __ulp
                0x00020df4                __b2d
                0x00020ed8                __d2b
                0x00020fdc                __ratio
                0x00021058                _mprec_log10
                0x0002109c                __copybits
                0x00021108                __any_on
 .text          0x00021188       0x40 /opt/gnuarm-hardfp/arm-none-eabi/lib//libc.a(lib_a-readr.o)
                0x00021188                _read_r
 .text          0x000211c8      0x11c /opt/gnuarm-hardfp/arm-none-eabi/lib//libc.a(lib_a-reent.o)
                0x000211c8                cleanup_glue
                0x000211f4                _reclaim_reent
 .text          0x000212e4       0xd8 /opt/gnuarm-hardfp/arm-none-eabi/lib//libc.a(lib_a-sccl.o)
                0x000212e4                __sccl
 .text          0x000213bc        0xc /opt/gnuarm-hardfp/arm-none-eabi/lib//libc.a(lib_a-sf_nan.o)
                0x000213bc                nanf
 .text          0x000213c8       0x74 /opt/gnuarm-hardfp/arm-none-eabi/lib//libc.a(lib_a-s_fpclassify.o)
                0x000213c8                __fpclassifyd
 .text          0x0002143c       0xdc /opt/gnuarm-hardfp/arm-none-eabi/lib//libc.a(lib_a-sprintf.o)
                0x0002143c                _sprintf_r
                0x000214a4                sprintf
 .text          0x00021518     0x1448 /opt/gnuarm-hardfp/arm-none-eabi/lib//libc.a(lib_a-strtod.o)
                0x00021518                _strtod_r
                0x00022900                strtod
                0x00022918                strtof
 .text.unlikely
                0x00022960       0x58 /opt/gnuarm-hardfp/arm-none-eabi/lib//libc.a(lib_a-strtod.o)
 .text          0x000229b8      0x204 /opt/gnuarm-hardfp/arm-none-eabi/lib//libc.a(lib_a-strtol.o)
                0x000229b8                _strtol_r
                0x00022b94                strtol
 .text          0x00022bbc      0x1f4 /opt/gnuarm-hardfp/arm-none-eabi/lib//libc.a(lib_a-strtoul.o)
                0x00022bbc                _strtoul_r
                0x00022d88                strtoul
 .text          0x00022db0     0x10c8 /opt/gnuarm-hardfp/arm-none-eabi/lib//libc.a(lib_a-svfiscanf.o)
                0x00022db0                _sungetc_r
                0x00022ea0                __ssrefill_r
                0x00022f0c                _sfread_r
                0x00022fcc                __ssvfiscanf_r
 .text          0x00023e78     0x1e30 /opt/gnuarm-hardfp/arm-none-eabi/lib//libc.a(lib_a-svfprintf.o)
                0x00023e78                _svfprintf_r
 .text          0x00025ca8      0x238 /opt/gnuarm-hardfp/arm-none-eabi/lib//libc.a(lib_a-ungetc.o)
                0x00025ca8                __submore
                0x00025d50                _ungetc_r
                0x00025ec8                ungetc
 .text          0x00025ee0     0x1220 /opt/gnuarm-hardfp/arm-none-eabi/lib//libc.a(lib_a-vfiprintf.o)
                0x00025f84                __sprint_r
                0x00025fa0                _vfiprintf_r
                0x00027030                vfiprintf
 .text          0x00027100       0x94 /opt/gnuarm-hardfp/arm-none-eabi/lib//libc.a(lib_a-callocr.o)
                0x00027100                _calloc_r
 .text          0x00027194      0x108 /opt/gnuarm-hardfp/arm-none-eabi/lib//libc.a(lib_a-fclose.o)
                0x00027194                _fclose_r
                0x00027288                fclose
 .text          0x0002729c      0x188 /opt/gnuarm-hardfp/arm-none-eabi/lib//libc.a(lib_a-fputwc.o)
                0x0002729c                __fputwc
                0x000273bc                _fputwc_r
                0x000273dc                fputwc
 .text          0x00027424       0x3c /opt/gnuarm-hardfp/arm-none-eabi/lib//libc.a(lib_a-fstatr.o)
                0x00027424                _fstat_r
 .text          0x00027460      0x4c4 /opt/gnuarm-hardfp/arm-none-eabi/lib//libc.a(lib_a-fvwrite.o)
                0x00027460                __sfvwrite_r
 .text          0x00027924      0x8d4 /opt/gnuarm-hardfp/arm-none-eabi/lib//libc.a(lib_a-gdtoa-gethex.o)
                0x00027a10                __gethex
 .text          0x000281f8      0x260 /opt/gnuarm-hardfp/arm-none-eabi/lib//libc.a(lib_a-gdtoa-hexnan.o)
                0x000281f8                __hexnan
 .text          0x00028458       0x38 /opt/gnuarm-hardfp/arm-none-eabi/lib//libc.a(lib_a-isattyr.o)
                0x00028458                _isatty_r
 .text          0x00028490      0x564 /opt/gnuarm-hardfp/arm-none-eabi/lib//libc.a(lib_a-reallocr.o)
                0x00028490                _realloc_r
 .text          0x000289f4     0x103c /opt/gnuarm-hardfp/arm-none-eabi/lib//libc.a(lib_a-svfiprintf.o)
                0x000289f4                __ssprint_r
                0x00028b9c                _svfiprintf_r
 .text          0x00029a30      0x13c /opt/gnuarm-hardfp/arm-none-eabi/lib//libc.a(lib_a-wbuf.o)
                0x00029a30                __swbuf_r
                0x00029b54                __swbuf
 .text          0x00029b6c      0x118 /opt/gnuarm-hardfp/arm-none-eabi/lib//libc.a(lib_a-wcrtomb.o)
                0x00029b6c                _wcrtomb_r
                0x00029bf4                wcrtomb
 .text          0x00029c84       0x70 /opt/gnuarm-hardfp/arm-none-eabi/lib//libc.a(lib_a-wctomb_r.o)
                0x00029c84                __ascii_wctomb
                0x00029cac                _wctomb_r
 .text          0x00029cf4      0x20c /opt/gnuarm-hardfp/lib/gcc/arm-none-eabi/4.9.2/libgcc.a(_udivsi3.o)
                0x00029cf4                __udivsi3
                0x00029cf4                __aeabi_uidiv
                0x00029ee0                __aeabi_uidivmod
 .text          0x00029f00      0x240 /opt/gnuarm-hardfp/lib/gcc/arm-none-eabi/4.9.2/libgcc.a(_divsi3.o)
                0x00029f00                __aeabi_idiv
                0x00029f00                __divsi3
                0x0002a120                __aeabi_idivmod
 .text          0x0002a140        0x4 /opt/gnuarm-hardfp/lib/gcc/arm-none-eabi/4.9.2/libgcc.a(_dvmd_tls.o)
                0x0002a140                __aeabi_ldiv0
                0x0002a140                __aeabi_idiv0

.glue_7         0x0002a144        0x0
 .glue_7        0x0002a144        0x0 linker stubs

.glue_7t        0x0002a144        0x0
 .glue_7t       0x0002a144        0x0 linker stubs

.vfp11_veneer   0x0002a144        0x0
 .vfp11_veneer  0x0002a144        0x0 linker stubs

.v4_bx          0x0002a144        0x0
 .v4_bx         0x0002a144        0x0 linker stubs

.iplt           0x0002a144        0x0
 .iplt          0x0002a144        0x0 build/vectors.o

.rodata         0x0002a148     0x160c
                0x0002a148                . = ALIGN (0x4)
 *(.rodata)
 .rodata        0x0002a148       0x20 build/ui_functions.o
                0x0002a148                ui_functions
 .rodata        0x0002a168       0x20 build/main.o
                0x0002a168                events
                0x0002a180                poll_table
 .rodata        0x0002a188       0x90 ../ff9b/lib/libff9b.a(ff.o)
 .rodata        0x0002a218      0x4c0 ../ff9b/lib/libff9b.a(ccsbcs.o)
 .rodata        0x0002a6d8       0x14 ../emmc/lib/libemmc.a(bcm2835_emmc.o)
 .rodata        0x0002a6ec       0x10 ../bob-baremetal/lib/libbob.a(bw_i2c_ui.o)
 .rodata        0x0002a6fc        0x8 ../bob-baremetal/lib/libbob.a(bw_spi_lcd.o)
 .rodata        0x0002a704        0x4 /opt/gnuarm-hardfp/arm-none-eabi/lib//libc.a(lib_a-impure.o)
                0x0002a704                _global_impure_ptr
 .rodata        0x0002a708       0x60 /opt/gnuarm-hardfp/arm-none-eabi/lib//libc.a(lib_a-mktime.o)
 .rodata        0x0002a768       0x60 /opt/gnuarm-hardfp/arm-none-eabi/lib//libc.a(lib_a-month_lengths.o)
                0x0002a768                __month_lengths
 .rodata        0x0002a7c8       0x24 /opt/gnuarm-hardfp/arm-none-eabi/lib//libc.a(lib_a-svfscanf.o)
 .rodata        0x0002a7ec       0x20 /opt/gnuarm-hardfp/arm-none-eabi/lib//libc.a(lib_a-vfprintf.o)
 .rodata        0x0002a80c      0x104 /opt/gnuarm-hardfp/arm-none-eabi/lib//libc.a(lib_a-ctype_.o)
                0x0002a80c                _ctype_
 .rodata        0x0002a910      0x128 /opt/gnuarm-hardfp/arm-none-eabi/lib//libc.a(lib_a-mprec.o)
                0x0002a920                __mprec_tens
                0x0002a9e8                __mprec_tinytens
                0x0002aa10                __mprec_bigtens
 .rodata        0x0002aa38       0x50 /opt/gnuarm-hardfp/arm-none-eabi/lib//libc.a(lib_a-strtod.o)
 .rodata        0x0002aa88       0x24 /opt/gnuarm-hardfp/arm-none-eabi/lib//libc.a(lib_a-svfiscanf.o)
 .rodata        0x0002aaac       0x20 /opt/gnuarm-hardfp/arm-none-eabi/lib//libc.a(lib_a-svfprintf.o)
 .rodata        0x0002aacc       0x20 /opt/gnuarm-hardfp/arm-none-eabi/lib//libc.a(lib_a-vfiprintf.o)
 .rodata        0x0002aaec      0x100 /opt/gnuarm-hardfp/arm-none-eabi/lib//libc.a(lib_a-gdtoa-gethex.o)
                0x0002aaec                __hexdig
 .rodata        0x0002abec       0x20 /opt/gnuarm-hardfp/arm-none-eabi/lib//libc.a(lib_a-svfiprintf.o)
 *(.rodata.*)
 .rodata.str1.4
                0x0002ac0c      0x1e0 build/dmx_devices.o
 .rodata.str1.4
                0x0002adec        0xa build/ui_dmx_function_slave.o
                                  0xc (size before relaxing)
 *fill*         0x0002adf6        0x2 
 .rodata.str1.4
                0x0002adf8        0x6 build/ui_function_clock.o
                                  0x8 (size before relaxing)
 *fill*         0x0002adfe        0x2 
 .rodata.str1.4
                0x0002ae00       0x2d build/ui_function_reboot.o
                                 0x30 (size before relaxing)
 *fill*         0x0002ae2d        0x3 
 .rodata.str1.4
                0x0002ae30       0x7c build/ui_functions.o
 .rodata.str1.4
                0x0002aeac       0x64 build/main.o
                                 0x70 (size before relaxing)
 .rodata.str1.4
                0x0002af10       0x45 build/devices/bw_spi_7fets.o
                                 0x48 (size before relaxing)
 *fill*         0x0002af55        0x3 
 .rodata.str1.4
                0x0002af58       0x46 build/devices/bw_spi_dimmer.o
                                 0x48 (size before relaxing)
 *fill*         0x0002af9e        0x2 
 .rodata.str1.4
                0x0002afa0       0x3b build/devices/bw_spi_dio.o
                                 0x3c (size before relaxing)
 *fill*         0x0002afdb        0x1 
 .rodata.str1.4
                0x0002afdc       0x3b build/devices/bw_spi_lcd.o
                                 0x3c (size before relaxing)
 *fill*         0x0002b017        0x1 
 .rodata.str1.4
                0x0002b018       0x45 build/devices/bw_spi_relay.o
                                 0x48 (size before relaxing)
 *fill*         0x0002b05d        0x3 
 .rodata.str1.4
                0x0002b060       0x31 build/devices/mcp23s08.o
                                 0x34 (size before relaxing)
 *fill*         0x0002b091        0x3 
 .rodata.str1.4
                0x0002b094       0x30 build/devices/mcp4822.o
 .rodata.str1.4
                0x0002b0c4       0x30 build/devices/mcp4902.o
 .rodata.str1.4
                0x0002b0f4       0x13 ../ff9b/lib/libff9b.a(ff.o)
                                 0x14 (size before relaxing)
 *fill*         0x0002b107        0x1 
 .rodata.str1.4
                0x0002b108      0x3fc ../emmc/lib/libemmc.a(sd.o)
 .rodata.str1.4
                0x0002b504      0x1c7 ../emmc/lib/libemmc.a(bcm2835_emmc.o)
                                0x1c8 (size before relaxing)
 *fill*         0x0002b6cb        0x1 
 .rodata.str1.4
                0x0002b6cc        0x6 ../bob-baremetal/lib/libbob.a(bw_i2c_ui.o)
                                  0x8 (size before relaxing)
 *fill*         0x0002b6d2        0x2 
 .rodata.str1.4
                0x0002b6d4        0x2 /opt/gnuarm-hardfp/arm-none-eabi/lib//libc.a(lib_a-impure.o)
                                  0x4 (size before relaxing)
 *fill*         0x0002b6d6        0x2 
 .rodata.str1.4
                0x0002b6d8        0x5 /opt/gnuarm-hardfp/arm-none-eabi/lib//libc.a(lib_a-svfscanf.o)
                                  0x8 (size before relaxing)
 *fill*         0x0002b6dd        0x3 
 .rodata.str1.4
                0x0002b6e0        0x4 /opt/gnuarm-hardfp/arm-none-eabi/lib//libc.a(lib_a-tzvars.o)
 .rodata.str1.4
                0x0002b6e4       0x42 /opt/gnuarm-hardfp/arm-none-eabi/lib//libc.a(lib_a-vfprintf.o)
                                 0x44 (size before relaxing)
 *fill*         0x0002b726        0x2 
 .rodata.str1.4
                0x0002b728       0x10 /opt/gnuarm-hardfp/arm-none-eabi/lib//libc.a(lib_a-dtoa.o)
                                 0x14 (size before relaxing)
 .rodata.str1.4
                0x0002b738        0xa /opt/gnuarm-hardfp/arm-none-eabi/lib//libc.a(lib_a-locale.o)
                                 0x14 (size before relaxing)
 .rodata.str1.4
                0x0002b742        0x4 /opt/gnuarm-hardfp/arm-none-eabi/lib//libc.a(lib_a-mbrtowc.o)
 *fill*         0x0002b742        0x2 
 .rodata.str1.4
                0x0002b744       0x10 /opt/gnuarm-hardfp/arm-none-eabi/lib//libc.a(lib_a-strtod.o)
 .rodata.str1.4
                0x0002b754       0x44 /opt/gnuarm-hardfp/arm-none-eabi/lib//libc.a(lib_a-svfprintf.o)
 .rodata.str1.4
                0x0002b754       0x30 /opt/gnuarm-hardfp/arm-none-eabi/lib//libc.a(lib_a-vfiprintf.o)
 .rodata.str1.4
                0x0002b754       0x30 /opt/gnuarm-hardfp/arm-none-eabi/lib//libc.a(lib_a-svfiprintf.o)
 *(.rodata.str1.4)
 *(.shstrtab)
 *(.strtab)
                0x0002b798                __data_start = .

.eh_frame       0x0002b754       0x70
 .eh_frame      0x0002b754       0x70 /opt/gnuarm-hardfp/arm-none-eabi/lib//libc.a(lib_a-strcmp.o)

.rel.dyn        0x0002b7c4        0x0
 .rel.iplt      0x0002b7c4        0x0 build/vectors.o

.data           0x0002b7c8     0x10f8
                0x0002b7c8                . = ALIGN (0x4)
 *(SORT(.table*))
 .table.devices
                0x0002b7c8        0x0 build/dmx_devices.o
                0x0002b7c8                devices_table
 .table.devices.1.bw_spi_7fets
                0x0002b7c8        0x8 build/devices/bw_spi_7fets.o
                0x0002b7c8                bw_spi_7fets_ptr
 .table.devices.1.bw_spi_dimmer
                0x0002b7d0        0x8 build/devices/bw_spi_dimmer.o
                0x0002b7d0                bw_spi_dimmer_ptr
 .table.devices.1.bw_spi_dio
                0x0002b7d8        0x8 build/devices/bw_spi_dio.o
                0x0002b7d8                bw_spi_dio_ptr
 .table.devices.1.bw_spi_lcd
                0x0002b7e0        0x8 build/devices/bw_spi_lcd.o
                0x0002b7e0                bw_spi_lcd_ptr
 .table.devices.1.bw_spi_relay
                0x0002b7e8        0x8 build/devices/bw_spi_relay.o
                0x0002b7e8                bw_spi_relay_ptr
 .table.devices.1.mcp23s08
                0x0002b7f0        0x8 build/devices/mcp23s08.o
                0x0002b7f0                mcp23s08_ptr
 .table.devices.1.mcp4822
                0x0002b7f8        0x8 build/devices/mcp4822.o
                0x0002b7f8                mcp4822_ptr
 .table.devices.1.mcp4902
                0x0002b800        0x8 build/devices/mcp4902.o
                0x0002b800                mcp4902_ptr
 .table.devices.END
                0x0002b808        0x0 build/dmx_devices.o
                0x0002b808                devices_table_end
 .table.devices_init
                0x0002b808        0x0 build/dmx_devices.o
                0x0002b808                devices_init_table
 .table.devices_init.1.bw_spi_7fets_init
                0x0002b808        0x8 build/devices/bw_spi_7fets.o
                0x0002b808                bw_spi_7fets_init_ptr
 .table.devices_init.1.bw_spi_dimmer_init
                0x0002b810        0x8 build/devices/bw_spi_dimmer.o
                0x0002b810                bw_spi_dimmer_init_ptr
 .table.devices_init.1.bw_spi_dio_init
                0x0002b818        0x8 build/devices/bw_spi_dio.o
                0x0002b818                bw_spi_dio_init_ptr
 .table.devices_init.1.bw_spi_lcd_init
                0x0002b820        0x8 build/devices/bw_spi_lcd.o
                0x0002b820                bw_spi_lcd_init_ptr
 .table.devices_init.1.bw_spi_relay_init
                0x0002b828        0x8 build/devices/bw_spi_relay.o
                0x0002b828                bw_spi_relay_init_ptr
 .table.devices_init.1.mcp23s08_init
                0x0002b830        0x8 build/devices/mcp23s08.o
                0x0002b830                mcp23s08_init_ptr
 .table.devices_init.1.mcp4822_init
                0x0002b838        0x8 build/devices/mcp4822.o
                0x0002b838                mcp4822_init_ptr
 .table.devices_init.1.mcp4902_init
                0x0002b840        0x8 build/devices/mcp4902.o
                0x0002b840                mcp4902_init_ptr
 .table.devices_init.END
                0x0002b848        0x0 build/dmx_devices.o
                0x0002b848                devices_init_table_end
 *(.ahb_sram_0)
 *(.data)
 .data          0x0002b848        0x0 build/vectors.o
 .data          0x0002b848        0x0 build/dmx_data.o
 .data          0x0002b848        0x0 build/dmx_devices.o
 .data          0x0002b848        0x4 build/irq_led.o
                0x0002b848                ticks_per_second
 .data          0x0002b84c       0x14 build/ui_dmx_function_analyzer.o
 .data          0x0002b860       0x38 build/ui_dmx_function_slave.o
 .data          0x0002b898        0x0 build/ui_function_clock.o
 .data          0x0002b898        0x0 build/ui_function_reboot.o
 .data          0x0002b898        0xc build/ui_functions.o
                0x0002b898                ui_function_menu
                0x0002b89c                ui_function_active
                0x0002b8a0                do_ui_cls
 .data          0x0002b8a4        0x0 build/main.o
 .data          0x0002b8a4        0x0 build/syscalls.o
 .data          0x0002b8a4        0x0 build/devices/bw_spi_7fets.o
 .data          0x0002b8a4        0x0 build/devices/bw_spi_dimmer.o
 .data          0x0002b8a4        0x0 build/devices/bw_spi_dio.o
 .data          0x0002b8a4        0x0 build/devices/bw_spi_lcd.o
 .data          0x0002b8a4        0x0 build/devices/bw_spi_relay.o
 .data          0x0002b8a4        0x0 build/devices/mcp23s08.o
 .data          0x0002b8a4        0x0 build/devices/mcp4822.o
 .data          0x0002b8a4        0x0 build/devices/mcp4902.o
 .data          0x0002b8a4        0x2 ../fb/lib/libfb.a(console.o)
 .data          0x0002b8a6        0x0 ../fb/lib/libfb.a(fb.o)
 *fill*         0x0002b8a6        0x2 
 .data          0x0002b8a8      0x600 ../fb/lib/libfb.a(font.o)
                0x0002b8a8                FONT
 .data          0x0002bea8        0x0 ../ff9b/lib/libff9b.a(ff.o)
 .data          0x0002bea8        0x0 ../ff9b/lib/libff9b.a(ccsbcs.o)
 .data          0x0002bea8        0x1 ../emmc/lib/libemmc.a(diskio.o)
                0x0002bea8                Stat
 .data          0x0002bea9        0x0 ../emmc/lib/libemmc.a(block_cache.o)
 *fill*         0x0002bea9        0x3 
 .data          0x0002beac      0x100 ../emmc/lib/libemmc.a(sd.o)
                0x0002beac                sd_commands
 .data          0x0002bfac        0x0 ../emmc/lib/libemmc.a(qmemcpy.o)
 .data          0x0002bfac        0x0 ../emmc/lib/libemmc.a(bcm2835_emmc.o)
 .data          0x0002bfac        0x0 ../hal-baremetal/lib/libhal.a(sys_time.o)
 .data          0x0002bfac        0x1 ../bob-baremetal/lib/libbob.a(bw_i2c_ui.o)
 .data          0x0002bfad        0x0 ../bob-baremetal/lib/libbob.a(bw_spi_7fets.o)
 .data          0x0002bfad        0x0 ../bob-baremetal/lib/libbob.a(bw_spi_dimmer.o)
 .data          0x0002bfad        0x0 ../bob-baremetal/lib/libbob.a(bw_spi_dio.o)
 .data          0x0002bfad        0x0 ../bob-baremetal/lib/libbob.a(bw_spi_lcd.o)
 .data          0x0002bfad        0x0 ../bob-baremetal/lib/libbob.a(bw_spi_relay.o)
 .data          0x0002bfad        0x0 ../bob-baremetal/lib/libbob.a(mcp23s08.o)
 .data          0x0002bfad        0x1 ../bob-baremetal/lib/libbob.a(mcp7941x.o)
 .data          0x0002bfae        0x0 ../bcm2835-baremetal/lib/libbcm2835.a(bcm2835_gpio.o)
 .data          0x0002bfae        0x0 ../bcm2835-baremetal/lib/libbcm2835.a(bcm2835_i2c.o)
 .data          0x0002bfae        0x0 ../bcm2835-baremetal/lib/libbcm2835.a(bcm2835_led.o)
 .data          0x0002bfae        0x0 ../bcm2835-baremetal/lib/libbcm2835.a(bcm2835_mailbox.o)
 .data          0x0002bfae        0x0 ../bcm2835-baremetal/lib/libbcm2835.a(bcm2835_spi.o)
 .data          0x0002bfae        0x0 ../bcm2835-baremetal/lib/libbcm2835.a(bcm2835_vc.o)
 .data          0x0002bfae        0x0 ../bcm2835-baremetal/lib/libbcm2835.a(bcm2835_wdog.o)
 .data          0x0002bfae        0x0 ../bcm2835-baremetal/lib/libbcm2835.a(bcm2835_spi_write.o)
 .data          0x0002bfae        0x0 ../bcm2835-baremetal/lib/libbcm2835.a(bcm2835_udelay.o)
 .data          0x0002bfae        0x0 /opt/gnuarm-hardfp/arm-none-eabi/lib//libc.a(lib_a-errno.o)
 *fill*         0x0002bfae        0x2 
 .data          0x0002bfb0      0x430 /opt/gnuarm-hardfp/arm-none-eabi/lib//libc.a(lib_a-impure.o)
                0x0002bfb0                _impure_ptr
 .data          0x0002c3e0        0x0 /opt/gnuarm-hardfp/arm-none-eabi/lib//libc.a(lib_a-lcltime.o)
 .data          0x0002c3e0        0x0 /opt/gnuarm-hardfp/arm-none-eabi/lib//libc.a(lib_a-lcltime_r.o)
 .data          0x0002c3e0        0x0 /opt/gnuarm-hardfp/arm-none-eabi/lib//libc.a(lib_a-malloc.o)
 .data          0x0002c3e0      0x410 /opt/gnuarm-hardfp/arm-none-eabi/lib//libc.a(lib_a-mallocr.o)
                0x0002c3e0                __malloc_av_
                0x0002c7e8                __malloc_sbrk_base
                0x0002c7ec                __malloc_trim_threshold
 .data          0x0002c7f0        0x0 /opt/gnuarm-hardfp/arm-none-eabi/lib//libc.a(lib_a-memcpy.o)
 .data          0x0002c7f0        0x0 /opt/gnuarm-hardfp/arm-none-eabi/lib//libc.a(lib_a-memmove.o)
 .data          0x0002c7f0        0x0 /opt/gnuarm-hardfp/arm-none-eabi/lib//libc.a(lib_a-memset.o)
 .data          0x0002c7f0        0x0 /opt/gnuarm-hardfp/arm-none-eabi/lib//libc.a(lib_a-mktime.o)
 .data          0x0002c7f0        0x0 /opt/gnuarm-hardfp/arm-none-eabi/lib//libc.a(lib_a-mlock.o)
 .data          0x0002c7f0        0x0 /opt/gnuarm-hardfp/arm-none-eabi/lib//libc.a(lib_a-month_lengths.o)
 .data          0x0002c7f0        0x0 /opt/gnuarm-hardfp/arm-none-eabi/lib//libc.a(lib_a-printf.o)
 .data          0x0002c7f0        0x0 /opt/gnuarm-hardfp/arm-none-eabi/lib//libc.a(lib_a-sbrkr.o)
 .data          0x0002c7f0        0x0 /opt/gnuarm-hardfp/arm-none-eabi/lib//libc.a(lib_a-sscanf.o)
 .data          0x0002c7f0        0x0 /opt/gnuarm-hardfp/arm-none-eabi/lib//libc.a(lib_a-stdio.o)
 .data          0x0002c7f0        0x0 /opt/gnuarm-hardfp/arm-none-eabi/lib//libc.a(lib_a-strcmp.o)
 .data          0x0002c7f0        0x0 /opt/gnuarm-hardfp/arm-none-eabi/lib//libc.a(lib_a-strlen.o)
 .data          0x0002c7f0        0x0 /opt/gnuarm-hardfp/arm-none-eabi/lib//libc.a(lib_a-strncmp.o)
 .data          0x0002c7f0        0x0 /opt/gnuarm-hardfp/arm-none-eabi/lib//libc.a(lib_a-strncpy.o)
 .data          0x0002c7f0        0x0 /opt/gnuarm-hardfp/arm-none-eabi/lib//libc.a(lib_a-svfscanf.o)
 .data          0x0002c7f0        0x0 /opt/gnuarm-hardfp/arm-none-eabi/lib//libc.a(lib_a-tzcalc_limits.o)
 .data          0x0002c7f0        0x0 /opt/gnuarm-hardfp/arm-none-eabi/lib//libc.a(lib_a-tzlock.o)
 .data          0x0002c7f0        0x8 /opt/gnuarm-hardfp/arm-none-eabi/lib//libc.a(lib_a-tzvars.o)
                0x0002c7f0                _tzname
 .data          0x0002c7f8        0x0 /opt/gnuarm-hardfp/arm-none-eabi/lib//libc.a(lib_a-vfprintf.o)
 .data          0x0002c7f8        0x0 /opt/gnuarm-hardfp/arm-none-eabi/lib//libc.a(lib_a-writer.o)
 .data          0x0002c7f8        0x0 /opt/gnuarm-hardfp/arm-none-eabi/lib//libc.a(lib_a-wsetup.o)
 .data          0x0002c7f8        0x0 /opt/gnuarm-hardfp/arm-none-eabi/lib//libc.a(lib_a-closer.o)
 .data          0x0002c7f8        0x4 /opt/gnuarm-hardfp/arm-none-eabi/lib//libc.a(lib_a-ctype_.o)
                0x0002c7f8                __ctype_ptr__
 .data          0x0002c7fc        0x0 /opt/gnuarm-hardfp/arm-none-eabi/lib//libc.a(lib_a-div.o)
 .data          0x0002c7fc        0x0 /opt/gnuarm-hardfp/arm-none-eabi/lib//libc.a(lib_a-dtoa.o)
 .data          0x0002c7fc        0x0 /opt/gnuarm-hardfp/arm-none-eabi/lib//libc.a(lib_a-fflush.o)
 .data          0x0002c7fc        0x0 /opt/gnuarm-hardfp/arm-none-eabi/lib//libc.a(lib_a-findfp.o)
 .data          0x0002c7fc        0x0 /opt/gnuarm-hardfp/arm-none-eabi/lib//libc.a(lib_a-freer.o)
 .data          0x0002c7fc        0x0 /opt/gnuarm-hardfp/arm-none-eabi/lib//libc.a(lib_a-fwalk.o)
 .data          0x0002c7fc       0x40 /opt/gnuarm-hardfp/arm-none-eabi/lib//libc.a(lib_a-gettzinfo.o)
 .data          0x0002c83c        0x0 /opt/gnuarm-hardfp/arm-none-eabi/lib//libc.a(lib_a-gmtime_r.o)
 .data          0x0002c83c        0x0 /opt/gnuarm-hardfp/arm-none-eabi/lib//libc.a(lib_a-iswspace.o)
 .data          0x0002c83c       0x7c /opt/gnuarm-hardfp/arm-none-eabi/lib//libc.a(lib_a-locale.o)
                0x0002c85c                __mb_cur_max
 .data          0x0002c8b8        0x0 /opt/gnuarm-hardfp/arm-none-eabi/lib//libc.a(lib_a-lseekr.o)
 .data          0x0002c8b8        0x0 /opt/gnuarm-hardfp/arm-none-eabi/lib//libc.a(lib_a-makebuf.o)
 .data          0x0002c8b8        0x0 /opt/gnuarm-hardfp/arm-none-eabi/lib//libc.a(lib_a-mbrtowc.o)
 .data          0x0002c8b8        0x4 /opt/gnuarm-hardfp/arm-none-eabi/lib//libc.a(lib_a-mbtowc_r.o)
                0x0002c8b8                __mbtowc
 .data          0x0002c8bc        0x0 /opt/gnuarm-hardfp/arm-none-eabi/lib//libc.a(lib_a-memchr.o)
 .data          0x0002c8bc        0x0 /opt/gnuarm-hardfp/arm-none-eabi/lib//libc.a(lib_a-mprec.o)
 .data          0x0002c8bc        0x0 /opt/gnuarm-hardfp/arm-none-eabi/lib//libc.a(lib_a-readr.o)
 .data          0x0002c8bc        0x0 /opt/gnuarm-hardfp/arm-none-eabi/lib//libc.a(lib_a-reent.o)
 .data          0x0002c8bc        0x0 /opt/gnuarm-hardfp/arm-none-eabi/lib//libc.a(lib_a-sccl.o)
 .data          0x0002c8bc        0x0 /opt/gnuarm-hardfp/arm-none-eabi/lib//libc.a(lib_a-sf_nan.o)
 .data          0x0002c8bc        0x0 /opt/gnuarm-hardfp/arm-none-eabi/lib//libc.a(lib_a-s_fpclassify.o)
 .data          0x0002c8bc        0x0 /opt/gnuarm-hardfp/arm-none-eabi/lib//libc.a(lib_a-sprintf.o)
 .data          0x0002c8bc        0x0 /opt/gnuarm-hardfp/arm-none-eabi/lib//libc.a(lib_a-strtod.o)
 .data          0x0002c8bc        0x0 /opt/gnuarm-hardfp/arm-none-eabi/lib//libc.a(lib_a-strtol.o)
 .data          0x0002c8bc        0x0 /opt/gnuarm-hardfp/arm-none-eabi/lib//libc.a(lib_a-strtoul.o)
 .data          0x0002c8bc        0x0 /opt/gnuarm-hardfp/arm-none-eabi/lib//libc.a(lib_a-svfiscanf.o)
 .data          0x0002c8bc        0x0 /opt/gnuarm-hardfp/arm-none-eabi/lib//libc.a(lib_a-svfprintf.o)
 .data          0x0002c8bc        0x0 /opt/gnuarm-hardfp/arm-none-eabi/lib//libc.a(lib_a-ungetc.o)
 .data          0x0002c8bc        0x0 /opt/gnuarm-hardfp/arm-none-eabi/lib//libc.a(lib_a-vfiprintf.o)
 .data          0x0002c8bc        0x0 /opt/gnuarm-hardfp/arm-none-eabi/lib//libc.a(lib_a-callocr.o)
 .data          0x0002c8bc        0x0 /opt/gnuarm-hardfp/arm-none-eabi/lib//libc.a(lib_a-fclose.o)
 .data          0x0002c8bc        0x0 /opt/gnuarm-hardfp/arm-none-eabi/lib//libc.a(lib_a-fputwc.o)
 .data          0x0002c8bc        0x0 /opt/gnuarm-hardfp/arm-none-eabi/lib//libc.a(lib_a-fstatr.o)
 .data          0x0002c8bc        0x0 /opt/gnuarm-hardfp/arm-none-eabi/lib//libc.a(lib_a-fvwrite.o)
 .data          0x0002c8bc        0x0 /opt/gnuarm-hardfp/arm-none-eabi/lib//libc.a(lib_a-gdtoa-gethex.o)
 .data          0x0002c8bc        0x0 /opt/gnuarm-hardfp/arm-none-eabi/lib//libc.a(lib_a-gdtoa-hexnan.o)
 .data          0x0002c8bc        0x0 /opt/gnuarm-hardfp/arm-none-eabi/lib//libc.a(lib_a-isattyr.o)
 .data          0x0002c8bc        0x0 /opt/gnuarm-hardfp/arm-none-eabi/lib//libc.a(lib_a-reallocr.o)
 .data          0x0002c8bc        0x0 /opt/gnuarm-hardfp/arm-none-eabi/lib//libc.a(lib_a-svfiprintf.o)
 .data          0x0002c8bc        0x0 /opt/gnuarm-hardfp/arm-none-eabi/lib//libc.a(lib_a-wbuf.o)
 .data          0x0002c8bc        0x0 /opt/gnuarm-hardfp/arm-none-eabi/lib//libc.a(lib_a-wcrtomb.o)
 .data          0x0002c8bc        0x4 /opt/gnuarm-hardfp/arm-none-eabi/lib//libc.a(lib_a-wctomb_r.o)
                0x0002c8bc                __wctomb
 .data          0x0002c8c0        0x0 /opt/gnuarm-hardfp/lib/gcc/arm-none-eabi/4.9.2/libgcc.a(_udivsi3.o)
 .data          0x0002c8c0        0x0 /opt/gnuarm-hardfp/lib/gcc/arm-none-eabi/4.9.2/libgcc.a(_divsi3.o)
 .data          0x0002c8c0        0x0 /opt/gnuarm-hardfp/lib/gcc/arm-none-eabi/4.9.2/libgcc.a(_dvmd_tls.o)
                0x0002c8c0                __data_end = .
                0x0002c8c0                __bss_start = .

.igot.plt       0x0002c8c0        0x0
 .igot.plt      0x0002c8c0        0x0 build/vectors.o

.bss            0x0002c8c0      0x43c
                0x0002c8c0                . = ALIGN (0x4)
 *(.bss*)
 .bss           0x0002c8c0        0x0 build/vectors.o
 .bss           0x0002c8c0        0x8 build/dmx_data.o
 .bss           0x0002c8c8       0x10 build/dmx_devices.o
                0x0002c8d0                dmx_devices_cycle_count_prev
                0x0002c8d4                dmx_devices_refresh_count_prev
 .bss           0x0002c8d8        0x4 build/irq_led.o
 .bss           0x0002c8dc        0x0 build/ui_dmx_function_analyzer.o
 .bss           0x0002c8dc        0x8 build/ui_dmx_function_slave.o
 .bss           0x0002c8e4       0x10 build/ui_function_clock.o
 .bss           0x0002c8f4        0x0 build/ui_function_reboot.o
 .bss           0x0002c8f4        0x1 build/ui_functions.o
                0x0002c8f4                enter
 .bss           0x0002c8f5        0x0 build/main.o
 *fill*         0x0002c8f5        0x3 
 .bss           0x0002c8f8        0x4 build/syscalls.o
                0x0002c8f8                heap_end
 .bss           0x0002c8fc        0x0 build/devices/bw_spi_7fets.o
 .bss           0x0002c8fc        0x0 build/devices/bw_spi_dimmer.o
 .bss           0x0002c8fc        0x0 build/devices/bw_spi_dio.o
 .bss           0x0002c8fc        0x0 build/devices/bw_spi_lcd.o
 .bss           0x0002c8fc        0x0 build/devices/bw_spi_relay.o
 .bss           0x0002c8fc        0x0 build/devices/mcp23s08.o
 .bss           0x0002c8fc        0x0 build/devices/mcp4822.o
 .bss           0x0002c8fc        0x0 build/devices/mcp4902.o
 .bss           0x0002c8fc        0xc ../fb/lib/libfb.a(console.o)
 .bss           0x0002c908        0x0 ../fb/lib/libfb.a(fb.o)
 .bss           0x0002c908        0x0 ../fb/lib/libfb.a(font.o)
 .bss           0x0002c908       0x8c ../ff9b/lib/libff9b.a(ff.o)
 .bss           0x0002c994        0x0 ../ff9b/lib/libff9b.a(ccsbcs.o)
 .bss           0x0002c994        0x8 ../emmc/lib/libemmc.a(diskio.o)
 .bss           0x0002c99c        0x0 ../emmc/lib/libemmc.a(block_cache.o)
 .bss           0x0002c99c        0x0 ../emmc/lib/libemmc.a(sd.o)
 .bss           0x0002c99c        0x0 ../emmc/lib/libemmc.a(qmemcpy.o)
 .bss           0x0002c99c        0x0 ../emmc/lib/libemmc.a(bcm2835_emmc.o)
 *fill*         0x0002c99c        0x4 
 .bss           0x0002c9a0       0x10 ../hal-baremetal/lib/libhal.a(sys_time.o)
 .bss           0x0002c9b0        0x0 ../bob-baremetal/lib/libbob.a(bw_i2c_ui.o)
 .bss           0x0002c9b0        0x0 ../bob-baremetal/lib/libbob.a(bw_spi_7fets.o)
 .bss           0x0002c9b0        0x0 ../bob-baremetal/lib/libbob.a(bw_spi_dimmer.o)
 .bss           0x0002c9b0        0x0 ../bob-baremetal/lib/libbob.a(bw_spi_dio.o)
 .bss           0x0002c9b0        0x0 ../bob-baremetal/lib/libbob.a(bw_spi_lcd.o)
 .bss           0x0002c9b0        0x0 ../bob-baremetal/lib/libbob.a(bw_spi_relay.o)
 .bss           0x0002c9b0        0x0 ../bob-baremetal/lib/libbob.a(mcp23s08.o)
 .bss           0x0002c9b0        0x0 ../bob-baremetal/lib/libbob.a(mcp7941x.o)
 .bss           0x0002c9b0        0x0 ../bcm2835-baremetal/lib/libbcm2835.a(bcm2835_gpio.o)
 .bss           0x0002c9b0        0x0 ../bcm2835-baremetal/lib/libbcm2835.a(bcm2835_i2c.o)
 .bss           0x0002c9b0        0x0 ../bcm2835-baremetal/lib/libbcm2835.a(bcm2835_led.o)
 .bss           0x0002c9b0        0x0 ../bcm2835-baremetal/lib/libbcm2835.a(bcm2835_mailbox.o)
 .bss           0x0002c9b0        0x0 ../bcm2835-baremetal/lib/libbcm2835.a(bcm2835_spi.o)
 .bss           0x0002c9b0        0x0 ../bcm2835-baremetal/lib/libbcm2835.a(bcm2835_vc.o)
 .bss           0x0002c9b0        0x0 ../bcm2835-baremetal/lib/libbcm2835.a(bcm2835_wdog.o)
 .bss           0x0002c9b0        0x0 ../bcm2835-baremetal/lib/libbcm2835.a(bcm2835_spi_write.o)
 .bss           0x0002c9b0        0x0 ../bcm2835-baremetal/lib/libbcm2835.a(bcm2835_udelay.o)
 .bss           0x0002c9b0        0x0 /opt/gnuarm-hardfp/arm-none-eabi/lib//libc.a(lib_a-errno.o)
 .bss           0x0002c9b0        0x0 /opt/gnuarm-hardfp/arm-none-eabi/lib//libc.a(lib_a-impure.o)
 .bss           0x0002c9b0        0x0 /opt/gnuarm-hardfp/arm-none-eabi/lib//libc.a(lib_a-lcltime.o)
 .bss           0x0002c9b0        0x0 /opt/gnuarm-hardfp/arm-none-eabi/lib//libc.a(lib_a-lcltime_r.o)
 .bss           0x0002c9b0        0x0 /opt/gnuarm-hardfp/arm-none-eabi/lib//libc.a(lib_a-malloc.o)
 .bss           0x0002c9b0       0x34 /opt/gnuarm-hardfp/arm-none-eabi/lib//libc.a(lib_a-mallocr.o)
                0x0002c9b0                __malloc_top_pad
                0x0002c9b4                __malloc_current_mallinfo
                0x0002c9dc                __malloc_max_sbrked_mem
                0x0002c9e0                __malloc_max_total_mem
 .bss           0x0002c9e4        0x0 /opt/gnuarm-hardfp/arm-none-eabi/lib//libc.a(lib_a-memcpy.o)
 .bss           0x0002c9e4        0x0 /opt/gnuarm-hardfp/arm-none-eabi/lib//libc.a(lib_a-memmove.o)
 .bss           0x0002c9e4        0x0 /opt/gnuarm-hardfp/arm-none-eabi/lib//libc.a(lib_a-memset.o)
 .bss           0x0002c9e4        0x0 /opt/gnuarm-hardfp/arm-none-eabi/lib//libc.a(lib_a-mktime.o)
 .bss           0x0002c9e4        0x0 /opt/gnuarm-hardfp/arm-none-eabi/lib//libc.a(lib_a-mlock.o)
 .bss           0x0002c9e4        0x0 /opt/gnuarm-hardfp/arm-none-eabi/lib//libc.a(lib_a-month_lengths.o)
 .bss           0x0002c9e4        0x0 /opt/gnuarm-hardfp/arm-none-eabi/lib//libc.a(lib_a-printf.o)
 .bss           0x0002c9e4        0x0 /opt/gnuarm-hardfp/arm-none-eabi/lib//libc.a(lib_a-sbrkr.o)
 .bss           0x0002c9e4        0x0 /opt/gnuarm-hardfp/arm-none-eabi/lib//libc.a(lib_a-sscanf.o)
 .bss           0x0002c9e4        0x0 /opt/gnuarm-hardfp/arm-none-eabi/lib//libc.a(lib_a-stdio.o)
 .bss           0x0002c9e4        0x0 /opt/gnuarm-hardfp/arm-none-eabi/lib//libc.a(lib_a-strcmp.o)
 .bss           0x0002c9e4        0x0 /opt/gnuarm-hardfp/arm-none-eabi/lib//libc.a(lib_a-strlen.o)
 .bss           0x0002c9e4        0x0 /opt/gnuarm-hardfp/arm-none-eabi/lib//libc.a(lib_a-strncmp.o)
 .bss           0x0002c9e4        0x0 /opt/gnuarm-hardfp/arm-none-eabi/lib//libc.a(lib_a-strncpy.o)
 .bss           0x0002c9e4        0x0 /opt/gnuarm-hardfp/arm-none-eabi/lib//libc.a(lib_a-svfscanf.o)
 .bss           0x0002c9e4        0x0 /opt/gnuarm-hardfp/arm-none-eabi/lib//libc.a(lib_a-tzcalc_limits.o)
 .bss           0x0002c9e4        0x0 /opt/gnuarm-hardfp/arm-none-eabi/lib//libc.a(lib_a-tzlock.o)
 .bss           0x0002c9e4        0x8 /opt/gnuarm-hardfp/arm-none-eabi/lib//libc.a(lib_a-tzvars.o)
                0x0002c9e4                _timezone
                0x0002c9e8                _daylight
 .bss           0x0002c9ec        0x0 /opt/gnuarm-hardfp/arm-none-eabi/lib//libc.a(lib_a-vfprintf.o)
 .bss           0x0002c9ec        0x0 /opt/gnuarm-hardfp/arm-none-eabi/lib//libc.a(lib_a-writer.o)
 .bss           0x0002c9ec        0x0 /opt/gnuarm-hardfp/arm-none-eabi/lib//libc.a(lib_a-wsetup.o)
 .bss           0x0002c9ec        0x0 /opt/gnuarm-hardfp/arm-none-eabi/lib//libc.a(lib_a-closer.o)
 .bss           0x0002c9ec        0x0 /opt/gnuarm-hardfp/arm-none-eabi/lib//libc.a(lib_a-ctype_.o)
 .bss           0x0002c9ec        0x0 /opt/gnuarm-hardfp/arm-none-eabi/lib//libc.a(lib_a-div.o)
 .bss           0x0002c9ec        0x0 /opt/gnuarm-hardfp/arm-none-eabi/lib//libc.a(lib_a-dtoa.o)
 .bss           0x0002c9ec        0x0 /opt/gnuarm-hardfp/arm-none-eabi/lib//libc.a(lib_a-fflush.o)
 .bss           0x0002c9ec        0x0 /opt/gnuarm-hardfp/arm-none-eabi/lib//libc.a(lib_a-findfp.o)
 .bss           0x0002c9ec        0x0 /opt/gnuarm-hardfp/arm-none-eabi/lib//libc.a(lib_a-freer.o)
 .bss           0x0002c9ec        0x0 /opt/gnuarm-hardfp/arm-none-eabi/lib//libc.a(lib_a-fwalk.o)
 .bss           0x0002c9ec        0x0 /opt/gnuarm-hardfp/arm-none-eabi/lib//libc.a(lib_a-gettzinfo.o)
 .bss           0x0002c9ec        0x0 /opt/gnuarm-hardfp/arm-none-eabi/lib//libc.a(lib_a-gmtime_r.o)
 .bss           0x0002c9ec        0x0 /opt/gnuarm-hardfp/arm-none-eabi/lib//libc.a(lib_a-iswspace.o)
 .bss           0x0002c9ec        0xc /opt/gnuarm-hardfp/arm-none-eabi/lib//libc.a(lib_a-locale.o)
                0x0002c9ec                _PathLocale
                0x0002c9f0                __mlocale_changed
                0x0002c9f4                __nlocale_changed
 .bss           0x0002c9f8        0x0 /opt/gnuarm-hardfp/arm-none-eabi/lib//libc.a(lib_a-lseekr.o)
 .bss           0x0002c9f8        0x0 /opt/gnuarm-hardfp/arm-none-eabi/lib//libc.a(lib_a-makebuf.o)
 .bss           0x0002c9f8        0x0 /opt/gnuarm-hardfp/arm-none-eabi/lib//libc.a(lib_a-mbrtowc.o)
 .bss           0x0002c9f8        0x0 /opt/gnuarm-hardfp/arm-none-eabi/lib//libc.a(lib_a-mbtowc_r.o)
 .bss           0x0002c9f8        0x0 /opt/gnuarm-hardfp/arm-none-eabi/lib//libc.a(lib_a-memchr.o)
 .bss           0x0002c9f8        0x0 /opt/gnuarm-hardfp/arm-none-eabi/lib//libc.a(lib_a-mprec.o)
 .bss           0x0002c9f8        0x0 /opt/gnuarm-hardfp/arm-none-eabi/lib//libc.a(lib_a-readr.o)
 .bss           0x0002c9f8        0x0 /opt/gnuarm-hardfp/arm-none-eabi/lib//libc.a(lib_a-reent.o)
 .bss           0x0002c9f8        0x0 /opt/gnuarm-hardfp/arm-none-eabi/lib//libc.a(lib_a-sccl.o)
 .bss           0x0002c9f8        0x0 /opt/gnuarm-hardfp/arm-none-eabi/lib//libc.a(lib_a-sf_nan.o)
 .bss           0x0002c9f8        0x0 /opt/gnuarm-hardfp/arm-none-eabi/lib//libc.a(lib_a-s_fpclassify.o)
 .bss           0x0002c9f8        0x0 /opt/gnuarm-hardfp/arm-none-eabi/lib//libc.a(lib_a-sprintf.o)
 .bss           0x0002c9f8        0x0 /opt/gnuarm-hardfp/arm-none-eabi/lib//libc.a(lib_a-strtod.o)
 .bss           0x0002c9f8        0x0 /opt/gnuarm-hardfp/arm-none-eabi/lib//libc.a(lib_a-strtol.o)
 .bss           0x0002c9f8        0x0 /opt/gnuarm-hardfp/arm-none-eabi/lib//libc.a(lib_a-strtoul.o)
 .bss           0x0002c9f8        0x0 /opt/gnuarm-hardfp/arm-none-eabi/lib//libc.a(lib_a-svfiscanf.o)
 .bss           0x0002c9f8        0x0 /opt/gnuarm-hardfp/arm-none-eabi/lib//libc.a(lib_a-svfprintf.o)
 .bss           0x0002c9f8        0x0 /opt/gnuarm-hardfp/arm-none-eabi/lib//libc.a(lib_a-ungetc.o)
 .bss           0x0002c9f8        0x0 /opt/gnuarm-hardfp/arm-none-eabi/lib//libc.a(lib_a-vfiprintf.o)
 .bss           0x0002c9f8        0x0 /opt/gnuarm-hardfp/arm-none-eabi/lib//libc.a(lib_a-callocr.o)
 .bss           0x0002c9f8        0x0 /opt/gnuarm-hardfp/arm-none-eabi/lib//libc.a(lib_a-fclose.o)
 .bss           0x0002c9f8        0x0 /opt/gnuarm-hardfp/arm-none-eabi/lib//libc.a(lib_a-fputwc.o)
 .bss           0x0002c9f8        0x0 /opt/gnuarm-hardfp/arm-none-eabi/lib//libc.a(lib_a-fstatr.o)
 .bss           0x0002c9f8        0x0 /opt/gnuarm-hardfp/arm-none-eabi/lib//libc.a(lib_a-fvwrite.o)
 .bss           0x0002c9f8        0x0 /opt/gnuarm-hardfp/arm-none-eabi/lib//libc.a(lib_a-gdtoa-gethex.o)
 .bss           0x0002c9f8        0x0 /opt/gnuarm-hardfp/arm-none-eabi/lib//libc.a(lib_a-gdtoa-hexnan.o)
 .bss           0x0002c9f8        0x0 /opt/gnuarm-hardfp/arm-none-eabi/lib//libc.a(lib_a-isattyr.o)
 .bss           0x0002c9f8        0x0 /opt/gnuarm-hardfp/arm-none-eabi/lib//libc.a(lib_a-reallocr.o)
 .bss           0x0002c9f8        0x0 /opt/gnuarm-hardfp/arm-none-eabi/lib//libc.a(lib_a-svfiprintf.o)
 .bss           0x0002c9f8        0x0 /opt/gnuarm-hardfp/arm-none-eabi/lib//libc.a(lib_a-wbuf.o)
 .bss           0x0002c9f8        0x0 /opt/gnuarm-hardfp/arm-none-eabi/lib//libc.a(lib_a-wcrtomb.o)
 .bss           0x0002c9f8        0x0 /opt/gnuarm-hardfp/arm-none-eabi/lib//libc.a(lib_a-wctomb_r.o)
 .bss           0x0002c9f8        0x0 /opt/gnuarm-hardfp/lib/gcc/arm-none-eabi/4.9.2/libgcc.a(_udivsi3.o)
 .bss           0x0002c9f8        0x0 /opt/gnuarm-hardfp/lib/gcc/arm-none-eabi/4.9.2/libgcc.a(_divsi3.o)
 .bss           0x0002c9f8        0x0 /opt/gnuarm-hardfp/lib/gcc/arm-none-eabi/4.9.2/libgcc.a(_dvmd_tls.o)
 COMMON         0x0002c9f8      0x204 build/dmx_data.o
                0x0002c9f8                dmx_data_refreshed
                0x0002c9fc                dmx_data
 COMMON         0x0002cbfc       0xc4 build/dmx_devices.o
                0x0002cbfc                devices_connected
 COMMON         0x0002ccc0        0x1 build/ui_functions.o
                0x0002ccc0                button
 *fill*         0x0002ccc1        0x7 
 COMMON         0x0002ccc8       0x18 build/main.o
                0x0002ccc8                events_elapsed_time
 COMMON         0x0002cce0       0x18 ../fb/lib/libfb.a(fb.o)
                0x0002cce0                fb_pitch
                0x0002cce4                fb_width
                0x0002cce8                fb_depth
                0x0002ccec                fb_addr
                0x0002ccf0                fb_height
                0x0002ccf4                fb_size
 COMMON         0x0002ccf8        0x4 /opt/gnuarm-hardfp/arm-none-eabi/lib//libc.a(lib_a-reent.o)
                0x0002ccf8                errno
                0x0002ccfc                __bss_end = .

/DISCARD/
 *(*.ARM.attributes)
 *(*.comment)
 *(*.debug*)
                0x0002ccfc                PROVIDE (end, .)
                0x0002ccfc                _end = .
                0x0002ccfc                . = ALIGN (0x4)
                0x0002d0fc                . = (. + __und_stack_size)
                0x0002d0fc                __und_stack_top = .
                0x0002d0fc                . = ALIGN (0x4)
                0x0002d4fc                . = (. + __abt_stack_size)
                0x0002d4fc                __abt_stack_top = .
                0x0002d4fc                . = ALIGN (0x4)
                0x0002d8fc                . = (. + __fiq_stack_size)
                0x0002d8fc                __fiq_stack_top = .
                0x0002d8fc                . = ALIGN (0x4)
                0x0002dcfc                . = (. + __irq_stack_size)
                0x0002dcfc                __irq_stack_top = .
                0x0002dcfc                . = ALIGN (0x4)
                0x0002e0fc                . = (. + __svc_stack_size)
                0x0002e0fc                __svc_stack_top = .
                0x0002e0fc                . = ALIGN (0x4)
                0x0002e4fc                . = (. + __sys_stack_size)
                0x0002e4fc                __sys_stack_top = .
                0x0002e500                . = ALIGN (0x8)
                0x0002e500                heap_low = .
                0x08000000                heap_top = __ram_end
LOAD ../fb/lib/libfb.a
LOAD ../ff9b/lib/libff9b.a
LOAD ../emmc/lib/libemmc.a
LOAD ../hal-baremetal/lib/libhal.a
LOAD ../bob-baremetal/lib/libbob.a
LOAD ../bcm2835-baremetal/lib/libbcm2835.a
LOAD /opt/gnuarm-hardfp/arm-none-eabi/lib//libc.a
LOAD /opt/gnuarm-hardfp/lib/gcc/arm-none-eabi/4.9.2/libgcc.a
OUTPUT(build/main.elf elf32-littlearm)
