Archive member included to satisfy reference by file (symbol)

../fb/lib/libfb.a(console.o)  build/syscalls.o (console_putc)
../fb/lib/libfb.a(fb.o)       build/main.o (fb_init)
../fb/lib/libfb.a(font.o)     ../fb/lib/libfb.a(console.o) (FONT)
../ff9b/lib/libff9b.a(ff.o)   build/dmx_devices.o (f_mount)
../ff9b/lib/libff9b.a(ccsbcs.o)
                              ../ff9b/lib/libff9b.a(ff.o) (ff_convert)
../emmc/lib/libemmc.a(diskio.o)
                              ../ff9b/lib/libff9b.a(ff.o) (disk_initialize)
../emmc/lib/libemmc.a(block_cache.o)
                              ../emmc/lib/libemmc.a(diskio.o) (cache_read)
../emmc/lib/libemmc.a(sd.o)   ../emmc/lib/libemmc.a(diskio.o) (sd_card_init)
../emmc/lib/libemmc.a(qmemcpy.o)
                              ../emmc/lib/libemmc.a(block_cache.o) (qmemcpy)
../emmc/lib/libemmc.a(bcm2835_emmc.o)
                              ../emmc/lib/libemmc.a(sd.o) (bcm2835_emmc_reset_cmd)
../hal-baremetal/lib/libhal.a(hardware.o)
                              build/irq_led.o (hardware_led_set)
../hal-baremetal/lib/libhal.a(sys_time.o)
                              build/main.o (sys_time_init)
../bob-baremetal/lib/libbob.a(bw_i2c_ui.o)
                              build/main.o (bw_i2c_ui_start)
../bob-baremetal/lib/libbob.a(bw_spi_7fets.o)
                              build/devices/bw_spi_7fets.o (bw_spi_7fets_start)
../bob-baremetal/lib/libbob.a(bw_spi_dimmer.o)
                              build/devices/bw_spi_dimmer.o (bw_spi_dimmer_start)
../bob-baremetal/lib/libbob.a(bw_spi_dio.o)
                              build/devices/bw_spi_dio.o (bw_spi_dio_start)
../bob-baremetal/lib/libbob.a(bw_spi_lcd.o)
                              build/devices/bw_spi_lcd.o (bw_spi_lcd_start)
../bob-baremetal/lib/libbob.a(bw_spi_relay.o)
                              build/devices/bw_spi_relay.o (bw_spi_relay_start)
../bob-baremetal/lib/libbob.a(mcp23s08.o)
                              build/devices/mcp23s08.o (mcp23s08_start)
../bob-baremetal/lib/libbob.a(mcp7941x.o)
                              ../hal-baremetal/lib/libhal.a(hardware.o) (mcp7941x_start)
../bcm2835-baremetal/lib/libbcm2835.a(bcm2835_gpio.o)
                              build/dmx_data.o (bcm2835_gpio_set_pud)
../bcm2835-baremetal/lib/libbcm2835.a(bcm2835_i2c.o)
                              ../bob-baremetal/lib/libbob.a(bw_i2c_ui.o) (bcm2835_i2c_begin)
../bcm2835-baremetal/lib/libbcm2835.a(bcm2835_led.o)
                              build/main.o (led_set)
../bcm2835-baremetal/lib/libbcm2835.a(bcm2835_mailbox.o)
                              ../fb/lib/libfb.a(fb.o) (bcm2835_mailbox_read)
../bcm2835-baremetal/lib/libbcm2835.a(bcm2835_spi.o)
                              build/devices/mcp4822.o (bcm2835_spi_begin)
../bcm2835-baremetal/lib/libbcm2835.a(bcm2835_vc.o)
                              ../emmc/lib/libemmc.a(bcm2835_emmc.o) (bcm2835_vc_get_clock_rate)
../bcm2835-baremetal/lib/libbcm2835.a(bcm2835_wdog.o)
                              build/main.o (watchdog_init)
../bcm2835-baremetal/lib/libbcm2835.a(bcm2835_spi_write.o)
                              build/devices/mcp4822.o (bcm2835_spi_write)
../bcm2835-baremetal/lib/libbcm2835.a(bcm2835_udelay.o)
                              ../emmc/lib/libemmc.a(sd.o) (udelay)
/opt/gnuarm-hardfp/arm-none-eabi/lib//libc.a(lib_a-errno.o)
                              build/syscalls.o (__errno)
/opt/gnuarm-hardfp/arm-none-eabi/lib//libc.a(lib_a-impure.o)
                              /opt/gnuarm-hardfp/arm-none-eabi/lib//libc.a(lib_a-errno.o) (_impure_ptr)
/opt/gnuarm-hardfp/arm-none-eabi/lib//libc.a(lib_a-lcltime.o)
                              build/ui_function_clock.o (localtime)
/opt/gnuarm-hardfp/arm-none-eabi/lib//libc.a(lib_a-lcltime_r.o)
                              /opt/gnuarm-hardfp/arm-none-eabi/lib//libc.a(lib_a-lcltime.o) (localtime_r)
/opt/gnuarm-hardfp/arm-none-eabi/lib//libc.a(lib_a-malloc.o)
                              ../emmc/lib/libemmc.a(diskio.o) (malloc)
/opt/gnuarm-hardfp/arm-none-eabi/lib//libc.a(lib_a-mallocr.o)
                              /opt/gnuarm-hardfp/arm-none-eabi/lib//libc.a(lib_a-malloc.o) (_malloc_r)
/opt/gnuarm-hardfp/arm-none-eabi/lib//libc.a(lib_a-memcpy.o)
                              ../emmc/lib/libemmc.a(qmemcpy.o) (memcpy)
/opt/gnuarm-hardfp/arm-none-eabi/lib//libc.a(lib_a-memmove.o)
                              ../fb/lib/libfb.a(console.o) (memmove)
/opt/gnuarm-hardfp/arm-none-eabi/lib//libc.a(lib_a-memset.o)
                              build/ui_dmx_function_slave.o (memset)
/opt/gnuarm-hardfp/arm-none-eabi/lib//libc.a(lib_a-mktime.o)
                              ../hal-baremetal/lib/libhal.a(sys_time.o) (mktime)
/opt/gnuarm-hardfp/arm-none-eabi/lib//libc.a(lib_a-mlock.o)
                              /opt/gnuarm-hardfp/arm-none-eabi/lib//libc.a(lib_a-mallocr.o) (__malloc_lock)
/opt/gnuarm-hardfp/arm-none-eabi/lib//libc.a(lib_a-month_lengths.o)
[...]
Memory Configuration

Name             Origin             Length             Attributes
ram              0x00008000         0x07ff8000
*default*        0x00000000         0xffffffff

Linker script and memory map

LOAD build/vectors.o
LOAD build/irq_led.o
LOAD build/dmx_data.o
LOAD build/dmx_devices.o
LOAD build/ui_dmx_function_analyzer.o
LOAD build/ui_dmx_function_slave.o
LOAD build/ui_function_clock.o
LOAD build/ui_function_reboot.o
LOAD build/ui_functions.o
LOAD build/main.o
LOAD build/syscalls.o
LOAD build/devices/bw_spi_7fets.o
LOAD build/devices/bw_spi_dimmer.o
LOAD build/devices/bw_spi_dio.o
LOAD build/devices/bw_spi_lcd.o
LOAD build/devices/bw_spi_relay.o
LOAD build/devices/mcp23s08.o
LOAD build/devices/mcp4822.o
LOAD build/devices/mcp4902.o
                0x00008000                __ram_start = ORIGIN (ram)
                0x07ff8000                __ram_size = 0x7ff8000
                0x08000000                __ram_end = (__ram_start + __ram_size)
                0x00000400                __und_stack_size = 0x400
                0x00000400                __abt_stack_size = 0x400
                0x00000400                __fiq_stack_size = 0x400
                0x00000400                __irq_stack_size = 0x400
                0x00000400                __svc_stack_size = 0x400
                0x00000400                __sys_stack_size = 0x400

.init           0x00008000       0xe0
                0x00008000                . = ALIGN (0x4)
 *(.init)
 .init          0x00008000       0xe0 build/vectors.o
                0x00008000                _start

.text           0x000080e0    0x227c8
                0x000080e0                . = ALIGN (0x4)
 *(.text*)
 .text          0x000080e0       0x50 build/vectors.o
                0x000080e0                hang
                0x000080e4                __enable_irq
                0x000080f4                __disable_irq
                0x00008104                __enable_fiq
                0x00008114                __disable_fiq
                0x00008124                memory_barrier
 .text          0x00008130       0xc4 build/irq_led.o
                0x00008130                ticks_per_second_set
                0x00008140                ticks_per_second_get
                0x00008150                irq_init
                0x00008198                c_irq_handler
 .text          0x000081f4      0x194 build/dmx_data.o
                0x000081f4                pl011_dmx512_init
                0x00008298                fiq_init
                0x000082bc                c_fiq_handler
 .text          0x00008388      0x334 build/dmx_devices.o
                0x00008388                dmx_devices_read_config
                0x0000859c                dmx_devices_init
                0x000085ec                dmx_devices_run
                0x0000867c                print_devices_counter
 *fill*         0x000086bc        0x4 
 .text          0x000086c0      0x460 build/ui_dmx_function_analyzer.o
                0x000086c0                dmx_analyzer
 .text          0x00008b20      0x270 build/ui_dmx_function_slave.o
                0x00008b20                dmx_slave
 .text          0x00008d90      0x160 build/ui_function_clock.o
                0x00008d90                clock_time
 .text          0x00008ef0       0x70 build/ui_function_reboot.o
                0x00008ef0                reboot
 .text          0x00008f60      0x214 build/ui_functions.o
                0x00008f60                ui_lcd_refresh
                0x000090ec                ui_buttons_update
 .text          0x00009174      0x1ac build/main.o
                0x00009174                notmain
 .text          0x00009320      0x160 build/syscalls.o
                0x00009320                initialise_monitor_handles
                0x00009324                _read
                0x0000932c                _lseek
                0x00009334                _write
                0x00009360                _open
                0x00009370                _close
                0x00009378                _exit
                0x0000937c                _kill
                0x00009384                _getpid
                0x0000938c                _sbrk
                0x000093c8                _fstat
                0x000093d0                _stat
                0x000093d8                _link
                0x000093e0                _unlink
                0x000093e8                _raise
                0x000093ec                _gettimeofday
                0x00009414                _times
                0x00009434                _isatty
                0x0000943c                _system
                0x00009468                _rename
 .text          0x00009480       0xe8 build/devices/bw_spi_7fets.o
 .text          0x00009568       0x44 build/devices/bw_spi_dimmer.o
 .text          0x000095ac       0xf4 build/devices/bw_spi_dio.o
 .text          0x000096a0      0x1b0 build/devices/bw_spi_lcd.o
 .text          0x00009850       0x78 build/devices/bw_spi_relay.o
 .text          0x000098c8      0x270 build/devices/mcp23s08.o
 .text          0x00009b38       0xb0 build/devices/mcp4822.o
 .text          0x00009be8       0xa8 build/devices/mcp4902.o
 .text          0x00009c90      0x500 ../fb/lib/libfb.a(console.o)
                0x00009c90                console_draw_char
                0x00009df8                console_putc
                0x0000a0c8                console_clear
                0x0000a104                console_set_cursor
                0x0000a128                console_set_fg_color
                0x0000a138                console_set_bg_color
                0x0000a148                console_clear_line
 .text          0x0000a190       0xd4 ../fb/lib/libfb.a(fb.o)
                0x0000a190                fb_init
 .text          0x0000a264        0x0 ../fb/lib/libfb.a(font.o)
 .text          0x0000a264     0xa1bc ../ff9b/lib/libff9b.a(ff.o)
                0x0000e29c                clust2sect
                0x0000e2c0                get_fat
                0x0000e69c                put_fat
                0x0000eaec                gen_numname
                0x0000ef10                f_mount
                0x0000ef4c                f_open
                0x0000f6c0                f_read
                0x0000f774                f_write
                0x0000fc04                f_sync
                0x0000fe18                f_close
                0x00010034                f_lseek
                0x00010328                f_opendir
                0x0001090c                f_readdir
                0x000109e0                f_stat
                0x00010fb0                f_getfree
                0x000111f8                f_truncate
                0x000114b4                f_unlink
                0x00011b6c                f_mkdir
                0x000123cc                f_chmod
                0x000129e4                f_utime
                0x00012ff8                f_rename
                0x00013790                f_gets
                0x00013874                f_putc
                0x00013af8                f_puts
                0x00013da8                f_printf
 .text.unlikely
                0x00014420       0x8c ../ff9b/lib/libff9b.a(ff.o)
 .text          0x000144ac       0xac ../ff9b/lib/libff9b.a(ccsbcs.o)
                0x000144ac                ff_convert
                0x00014518                ff_wtoupper
 .text          0x00014558      0x1ac ../emmc/lib/libemmc.a(diskio.o)
                0x00014558                sd_aligned_malloc
                0x00014588                sd_aligned_free
                0x00014590                disk_initialize
                0x00014628                disk_read
                0x00014698                disk_write
                0x000146d4                disk_status
                0x000146f0                disk_ioctl
                0x000146f8                get_fattime
 .text          0x00014704      0x264 ../emmc/lib/libemmc.a(block_cache.o)
                0x00014704                cache_read
                0x0001479c                cache_write
                0x00014858                cache_init
 .text          0x00014968      0xf08 ../emmc/lib/libemmc.a(sd.o)
                0x00014968                sd_card_init
                0x00015560                sd_read
                0x000156e8                sd_write
 .text          0x00015870       0x34 ../emmc/lib/libemmc.a(qmemcpy.o)
                0x00015870                qmemcpy
                0x00015888                quick_memcpy
 .text          0x000158a4      0xb44 ../emmc/lib/libemmc.a(bcm2835_emmc.o)
                0x000158a4                bcm2835_emmc_sdcard_power_off
                0x000158a8                bcm2835_emmc_reset_cmd
                0x00015930                bcm2835_emmc_reset_dat
                0x000159ac                bcm2835_emmc_set_clock
                0x00015a8c                bcm2825_emmc_init
                0x00015cf0                bcm2835_emmc_issue_command
                0x000161c8                bcm2835_emmc_handle_interrupts
                0x0001635c                bcm2835_emmc_enable_all_interrupts_not_arm
                0x00016380                bcm2835_emmc_disable_card_interrupt
                0x00016398                bcm2835_emmc_4bit_mode_change_bit
                0x000163b4                bcm2835_emmc_set_block_size
                0x000163d4                bcm2835_emmc_reset_interrupt_register
 .text          0x000163e8      0x2e8 ../hal-baremetal/lib/libhal.a(hardware.o)
                0x000163e8                hardware_uptime_seconds
                0x00016438                hardware_get_firmware_revision
                0x0001643c                hardware_get_firmware_copyright
                0x00016448                hardware_get_firmware_copyright_length
                0x00016450                hardware_get_board_model_id
                0x00016454                hardware_get_board_model
                0x00016578                hardware_get_board_model_length
                0x00016580                hardware_led_init
                0x00016590                hardware_led_set
                0x000165a0                hardware_rtc_set
                0x0001663c                hardware_init
                0x000166ac                hardware_reboot
 .text          0x000166d0      0x158 ../hal-baremetal/lib/libhal.a(sys_time.o)
                0x000166d0                sys_time_init
                0x00016798                sys_time_set
                0x000167c4                sys_time
 .text          0x00016828      0x884 ../bob-baremetal/lib/libbob.a(bw_i2c_ui.o)
                0x00016828                bw_i2c_ui_start
                0x00016850                bw_i2c_ui_end
                0x00016854                bw_i2c_ui_set_cursor
                0x000168c0                bw_i2c_ui_text
                0x0001694c                bw_i2c_ui_text_line_1
                0x00016a14                bw_i2c_ui_text_line_2
                0x00016ae0                bw_i2c_ui_text_line_3
                0x00016bac                bw_i2c_ui_text_line_4
                0x00016c78                bw_i2c_ui_cls
                0x00016cd0                bw_i2c_ui_set_contrast
                0x00016d24                bw_i2c_ui_set_backlight
                0x00016d78                bw_i2c_ui_set_backlight_temp
                0x00016dcc                bw_i2c_ui_set_startup_message_line_1
                0x00016e2c                bw_i2c_ui_set_startup_message_line_2
                0x00016e30                bw_i2c_ui_set_startup_message_line_3
                0x00016e34                bw_i2c_ui_set_startup_message_line_4
                0x00016e38                bw_i2c_ui_get_backlight
                0x00016e9c                bw_i2c_ui_get_contrast
                0x00016f00                bw_i2c_ui_reinit
                0x00016f5c                bw_i2c_ui_read_id
                0x00016fcc                bw_i2c_ui_read_button
                0x00017044                bw_i2c_ui_read_button_last
 .text          0x000170ac       0xc8 ../bob-baremetal/lib/libbob.a(bw_spi_7fets.o)
                0x000170ac                bw_spi_7fets_start
                0x0001711c                bw_spi_7fets_end
                0x00017120                bw_spi_7fets_output
 .text          0x00017174       0x7c ../bob-baremetal/lib/libbob.a(bw_spi_dimmer.o)
                0x00017174                bw_spi_dimmer_start
                0x00017198                bw_spi_dimmer_output
                0x000171ec                bw_spi_dimmer_end
 .text          0x000171f0       0xc8 ../bob-baremetal/lib/libbob.a(bw_spi_dio.o)
                0x000171f0                bw_spi_dio_start
                0x00017214                bw_spi_dio_end
                0x00017218                bw_spi_dio_fsel_mask
                0x00017268                bw_spi_dio_output
 .text          0x000172b8      0x65c ../bob-baremetal/lib/libbob.a(bw_spi_lcd.o)
                0x000172b8                bw_spi_lcd_start
                0x000172dc                bw_spi_lcd_end
                0x000172e0                bw_spi_lcd_set_cursor
                0x0001734c                bw_spi_lcd_text
                0x000173c4                bw_spi_lcd_text_line_1
                0x00017484                bw_spi_lcd_text_line_2
                0x00017544                bw_spi_lcd_text_line_3
                0x00017604                bw_spi_lcd_text_line_4
                0x000176c4                bw_spi_lcd_cls
                0x00017724                bw_spi_lcd_set_contrast
                0x00017778                bw_spi_lcd_set_backlight
                0x000177cc                bw_spi_lcd_reinit
                0x0001783c                bw_spi_lcd_get_backlight
                0x000178a8                bw_spi_lcd_get_contrast
 .text          0x00017914       0xc8 ../bob-baremetal/lib/libbob.a(bw_spi_relay.o)
                0x00017914                bw_spi_relay_start
                0x00017984                bw_spi_relay_end
                0x00017988                bw_spi_relay_output
 .text          0x000179dc      0x2ac ../bob-baremetal/lib/libbob.a(mcp23s08.o)
                0x000179dc                mcp23s08_start
                0x00017a44                mcp23s08_end
                0x00017a48                mcp23s08_reg_read
                0x00017a90                mcp23s08_reg_write
                0x00017ad8                mcp23s08_gpio_fsel
                0x00017b70                mcp23s08_gpio_set
                0x00017bfc                mcp23s08_gpio_clr
 .text          0x00017c88      0x294 ../bob-baremetal/lib/libbob.a(mcp7941x.o)
                0x00017c88                mcp7941x_start
                0x00017cd8                mcp7941x_end
                0x00017cdc                mcp7941x_get_date_time
                0x00017dfc                mcp7941x_set_date_time
 .text          0x00017f1c       0x48 ../bcm2835-baremetal/lib/libbcm2835.a(bcm2835_gpio.o)
                0x00017f1c                bcm2835_gpio_set_pud
 .text          0x00017f64      0x2ac ../bcm2835-baremetal/lib/libbcm2835.a(bcm2835_i2c.o)
                0x00017f64                bcm2835_i2c_begin
                0x00017fa0                bcm2835_i2c_end
                0x00017fb8                bcm2835_i2c_setSlaveAddress
                0x00017fc8                bcm2835_i2c_setClockDivider
                0x00017fd8                bcm2835_i2c_write
                0x000180f8                bcm2835_i2c_read
 .text          0x00018210       0x70 ../bcm2835-baremetal/lib/libbcm2835.a(bcm2835_led.o)
                0x00018210                led_set
                0x0001822c                led_init
                0x00018248                led_new_pi_set
                0x00018264                led_new_pi_init
 .text          0x00018280       0x5c ../bcm2835-baremetal/lib/libbcm2835.a(bcm2835_mailbox.o)
                0x00018280                bcm2835_mailbox_read
                0x000182b0                bcm2835_mailbox_write
 .text          0x000182dc      0x2f4 ../bcm2835-baremetal/lib/libbcm2835.a(bcm2835_spi.o)
                0x000182dc                bcm2835_spi_begin
                0x00018374                bcm2835_spi_end
                0x0001839c                bcm2835_spi_setBitOrder
                0x000183a0                bcm2835_spi_setClockDivider
                0x000183b0                bcm2835_spi_setDataMode
                0x000183d4                bcm2835_spi_chipSelect
                0x000183f4                bcm2835_spi_setChipSelectPolarity
                0x00018424                bcm2835_spi_transfernb
                0x000184c0                bcm2835_spi_transfern
                0x00018560                bcm2835_spi_writenb
 .text          0x000185d0      0x3c0 ../bcm2835-baremetal/lib/libbcm2835.a(bcm2835_vc.o)
                0x000185d0                bcm2835_vc_get_clock_rate
                0x00018654                bcm2835_vc_set_clock_rate
                0x000186d8                bcm2835_vc_get_power_state
                0x00018760                bcm2835_vc_set_power_state
                0x000187e4                bcm2835_vc_get_board_mac_address
                0x00018868                bcm2835_vc_get_get_firmware_revision
                0x000188c8                bcm2835_vc_get_get_board_model
                0x0001892c                bcm2835_vc_get_get_board_revision
 .text          0x00018990       0x78 ../bcm2835-baremetal/lib/libbcm2835.a(bcm2835_wdog.o)
                0x00018990                watchdog_stop
                0x000189a8                watchdog_init
                0x000189d8                watchdog_feed
 .text          0x00018a08       0x58 ../bcm2835-baremetal/lib/libbcm2835.a(bcm2835_spi_write.o)
                0x00018a08                bcm2835_spi_write
 .text          0x00018a60       0x28 ../bcm2835-baremetal/lib/libbcm2835.a(bcm2835_udelay.o)
                0x00018a60                udelay
 .text          0x00018a88       0x10 /opt/gnuarm-hardfp/arm-none-eabi/lib//libc.a(lib_a-errno.o)
                0x00018a88                __errno
 .text          0x00018a98        0x0 /opt/gnuarm-hardfp/arm-none-eabi/lib//libc.a(lib_a-impure.o)
 .text          0x00018a98       0x14 /opt/gnuarm-hardfp/arm-none-eabi/lib//libc.a(lib_a-lcltime.o)
                0x00018a98                localtime
 .text          0x00018aac      0x378 /opt/gnuarm-hardfp/arm-none-eabi/lib//libc.a(lib_a-lcltime_r.o)
                0x00018aac                localtime_r
 .text          0x00018e24       0x28 /opt/gnuarm-hardfp/arm-none-eabi/lib//libc.a(lib_a-malloc.o)
                0x00018e24                malloc
                0x00018e38                free
 .text          0x00018e4c      0x724 /opt/gnuarm-hardfp/arm-none-eabi/lib//libc.a(lib_a-mallocr.o)
                0x00018e4c                _malloc_r
 .text          0x00019570       0xf4 /opt/gnuarm-hardfp/arm-none-eabi/lib//libc.a(lib_a-memcpy.o)
                0x00019570                memcpy
 .text          0x00019664      0x12c /opt/gnuarm-hardfp/arm-none-eabi/lib//libc.a(lib_a-memmove.o)
                0x00019664                memmove
 .text          0x00019790       0xf0 /opt/gnuarm-hardfp/arm-none-eabi/lib//libc.a(lib_a-memset.o)
                0x00019790                memset
 .text          0x00019880      0x818 /opt/gnuarm-hardfp/arm-none-eabi/lib//libc.a(lib_a-mktime.o)
                0x00019bac                mktime
 .text          0x0001a098        0x8 /opt/gnuarm-hardfp/arm-none-eabi/lib//libc.a(lib_a-mlock.o)
                0x0001a098                __malloc_lock
                0x0001a09c                __malloc_unlock
 .text          0x0001a0a0        0x0 /opt/gnuarm-hardfp/arm-none-eabi/lib//libc.a(lib_a-month_lengths.o)
 .text          0x0001a0a0       0x74 /opt/gnuarm-hardfp/arm-none-eabi/lib//libc.a(lib_a-printf.o)
                0x0001a0a0                _printf_r
                0x0001a0d4                printf
 .text          0x0001a114       0x38 /opt/gnuarm-hardfp/arm-none-eabi/lib//libc.a(lib_a-sbrkr.o)
                0x0001a114                _sbrk_r
 .text          0x0001a14c      0x100 /opt/gnuarm-hardfp/arm-none-eabi/lib//libc.a(lib_a-sscanf.o)
                0x0001a14c                sscanf
                0x0001a1cc                _sscanf_r
 .text          0x0001a24c       0xc0 /opt/gnuarm-hardfp/arm-none-eabi/lib//libc.a(lib_a-stdio.o)
                0x0001a24c                __sread
                0x0001a27c                __seofread
                0x0001a284                __swrite
                0x0001a2d8                __sseek
                0x0001a304                __sclose
 *fill*         0x0001a30c       0x14 
 .text          0x0001a320      0x3a0 /opt/gnuarm-hardfp/arm-none-eabi/lib//libc.a(lib_a-strcmp.o)
                0x0001a328                strcmp
 .text          0x0001a6c0       0x5c /opt/gnuarm-hardfp/arm-none-eabi/lib//libc.a(lib_a-strlen.o)
                0x0001a6c0                strlen
 .text          0x0001a71c      0x110 /opt/gnuarm-hardfp/arm-none-eabi/lib//libc.a(lib_a-strncmp.o)
                0x0001a71c                strncmp
 .text          0x0001a82c       0xe0 /opt/gnuarm-hardfp/arm-none-eabi/lib//libc.a(lib_a-strncpy.o)
                0x0001a82c                strncpy
 .text          0x0001a90c     0x147c /opt/gnuarm-hardfp/arm-none-eabi/lib//libc.a(lib_a-svfscanf.o)
                0x0001a90c                __ssvfscanf_r
 .text          0x0001bd88      0x234 /opt/gnuarm-hardfp/arm-none-eabi/lib//libc.a(lib_a-tzcalc_limits.o)
                0x0001bd88                __tzcalc_limits
 .text          0x0001bfbc        0x8 /opt/gnuarm-hardfp/arm-none-eabi/lib//libc.a(lib_a-tzlock.o)
                0x0001bfbc                __tz_lock
                0x0001bfc0                __tz_unlock
 .text          0x0001bfc4        0x0 /opt/gnuarm-hardfp/arm-none-eabi/lib//libc.a(lib_a-tzvars.o)
 *fill*         0x0001bfc4        0x4 
 .text          0x0001bfc8     0x1f68 /opt/gnuarm-hardfp/arm-none-eabi/lib//libc.a(lib_a-vfprintf.o)
                0x0001bfc8                _vfprintf_r
                0x0001de60                vfprintf
 .text          0x0001df30       0x40 /opt/gnuarm-hardfp/arm-none-eabi/lib//libc.a(lib_a-writer.o)
                0x0001df30                _write_r
 .text          0x0001df70      0x154 /opt/gnuarm-hardfp/arm-none-eabi/lib//libc.a(lib_a-wsetup.o)
                0x0001df70                __swsetup_r
 .text          0x0001e0c4       0x38 /opt/gnuarm-hardfp/arm-none-eabi/lib//libc.a(lib_a-closer.o)
                0x0001e0c4                _close_r
 .text          0x0001e0fc        0x0 /opt/gnuarm-hardfp/arm-none-eabi/lib//libc.a(lib_a-ctype_.o)
 .text          0x0001e0fc       0x60 /opt/gnuarm-hardfp/arm-none-eabi/lib//libc.a(lib_a-div.o)
                0x0001e0fc                div
 *fill*         0x0001e15c        0x4 
 .text          0x0001e160     0x14a0 /opt/gnuarm-hardfp/arm-none-eabi/lib//libc.a(lib_a-dtoa.o)
                0x0001e320                _dtoa_r
 .text          0x0001f600      0x2b8 /opt/gnuarm-hardfp/arm-none-eabi/lib//libc.a(lib_a-fflush.o)
                0x0001f600                __sflush_r
                0x0001f838                _fflush_r
                0x0001f888                fflush
 .text          0x0001f8b8      0x310 /opt/gnuarm-hardfp/arm-none-eabi/lib//libc.a(lib_a-findfp.o)
                0x0001f8c8                _cleanup_r
                0x0001fa30                __sfmoreglue
                0x0001fa78                __sfp
                0x0001fb60                _cleanup
                0x0001fb78                __sinit
                0x0001fb88                __sfp_lock_acquire
                0x0001fb8c                __sfp_lock_release
                0x0001fb90                __sinit_lock_acquire
                0x0001fb94                __sinit_lock_release
                0x0001fb98                __fp_lock_all
                0x0001fbb0                __fp_unlock_all
 .text          0x0001fbc8      0x3ac /opt/gnuarm-hardfp/arm-none-eabi/lib//libc.a(lib_a-freer.o)
                0x0001fbc8                _malloc_trim_r
                0x0001fcc0                _free_r
 .text          0x0001ff74       0xf8 /opt/gnuarm-hardfp/arm-none-eabi/lib//libc.a(lib_a-fwalk.o)
                0x0001ff74                _fwalk
                0x0001ffec                _fwalk_reent
 .text          0x0002006c        0xc /opt/gnuarm-hardfp/arm-none-eabi/lib//libc.a(lib_a-gettzinfo.o)
                0x0002006c                __gettzinfo
 .text          0x00020078      0x20c /opt/gnuarm-hardfp/arm-none-eabi/lib//libc.a(lib_a-gmtime_r.o)
                0x00020078                gmtime_r
 .text          0x00020284       0x28 /opt/gnuarm-hardfp/arm-none-eabi/lib//libc.a(lib_a-iswspace.o)
                0x00020284                iswspace
 .text          0x000202ac       0xd4 /opt/gnuarm-hardfp/arm-none-eabi/lib//libc.a(lib_a-locale.o)
                0x000202ac                _setlocale_r
                0x00020320                __locale_charset
                0x0002032c                __locale_mb_cur_max
                0x0002033c                __locale_msgcharset
                0x00020348                __locale_cjk_lang
                0x00020350                _localeconv_r
                0x0002035c                setlocale
                0x00020374                localeconv
 .text          0x00020380       0x40 /opt/gnuarm-hardfp/arm-none-eabi/lib//libc.a(lib_a-lseekr.o)
                0x00020380                _lseek_r
 .text          0x000203c0      0x160 /opt/gnuarm-hardfp/arm-none-eabi/lib//libc.a(lib_a-makebuf.o)
                0x000203c0                __smakebuf_r
 .text          0x00020520      0x128 /opt/gnuarm-hardfp/arm-none-eabi/lib//libc.a(lib_a-mbrtowc.o)
                0x00020520                _mbrtowc_r
                0x000205b0                mbrtowc
 .text          0x00020648       0x98 /opt/gnuarm-hardfp/arm-none-eabi/lib//libc.a(lib_a-mbtowc_r.o)
                0x00020648                __ascii_mbtowc
                0x00020694                _mbtowc_r
 .text          0x000206e0      0x120 /opt/gnuarm-hardfp/arm-none-eabi/lib//libc.a(lib_a-memchr.o)
                0x000206e0                memchr
 .text          0x00020800      0xce8 /opt/gnuarm-hardfp/arm-none-eabi/lib//libc.a(lib_a-mprec.o)
                0x00020800                _Balloc
                0x0002088c                _Bfree
                0x000208a8                __multadd
                0x00020978                __s2b
                0x00020a5c                __hi0bits
                0x00020ab8                __lo0bits
                0x00020b50                __i2b
                0x00020b70                __multiply
                0x00020d4c                __pow5mult
                0x00020e4c                __lshift
                0x00020f40                __mcmp
                0x00020fa4                __mdiff
                0x000210e0                __ulp
                0x00021154                __b2d
                0x00021238                __d2b
                0x0002133c                __ratio
                0x000213b8                _mprec_log10
                0x000213fc                __copybits
                0x00021468                __any_on
 .text          0x000214e8       0x40 /opt/gnuarm-hardfp/arm-none-eabi/lib//libc.a(lib_a-readr.o)
                0x000214e8                _read_r
 .text          0x00021528      0x11c /opt/gnuarm-hardfp/arm-none-eabi/lib//libc.a(lib_a-reent.o)
                0x00021528                cleanup_glue
                0x00021554                _reclaim_reent
 .text          0x00021644       0xd8 /opt/gnuarm-hardfp/arm-none-eabi/lib//libc.a(lib_a-sccl.o)
                0x00021644                __sccl
 .text          0x0002171c        0xc /opt/gnuarm-hardfp/arm-none-eabi/lib//libc.a(lib_a-sf_nan.o)
                0x0002171c                nanf
 .text          0x00021728       0x74 /opt/gnuarm-hardfp/arm-none-eabi/lib//libc.a(lib_a-s_fpclassify.o)
                0x00021728                __fpclassifyd
 .text          0x0002179c       0xdc /opt/gnuarm-hardfp/arm-none-eabi/lib//libc.a(lib_a-sprintf.o)
                0x0002179c                _sprintf_r
                0x00021804                sprintf
 .text          0x00021878     0x1448 /opt/gnuarm-hardfp/arm-none-eabi/lib//libc.a(lib_a-strtod.o)
                0x00021878                _strtod_r
                0x00022c60                strtod
                0x00022c78                strtof
 .text.unlikely
                0x00022cc0       0x58 /opt/gnuarm-hardfp/arm-none-eabi/lib//libc.a(lib_a-strtod.o)
 .text          0x00022d18      0x204 /opt/gnuarm-hardfp/arm-none-eabi/lib//libc.a(lib_a-strtol.o)
                0x00022d18                _strtol_r
                0x00022ef4                strtol
 .text          0x00022f1c      0x1f4 /opt/gnuarm-hardfp/arm-none-eabi/lib//libc.a(lib_a-strtoul.o)
                0x00022f1c                _strtoul_r
                0x000230e8                strtoul
 .text          0x00023110     0x10c8 /opt/gnuarm-hardfp/arm-none-eabi/lib//libc.a(lib_a-svfiscanf.o)
                0x00023110                _sungetc_r
                0x00023200                __ssrefill_r
                0x0002326c                _sfread_r
                0x0002332c                __ssvfiscanf_r
 .text          0x000241d8     0x1e30 /opt/gnuarm-hardfp/arm-none-eabi/lib//libc.a(lib_a-svfprintf.o)
                0x000241d8                _svfprintf_r
 .text          0x00026008      0x238 /opt/gnuarm-hardfp/arm-none-eabi/lib//libc.a(lib_a-ungetc.o)
                0x00026008                __submore
                0x000260b0                _ungetc_r
                0x00026228                ungetc
 .text          0x00026240     0x1220 /opt/gnuarm-hardfp/arm-none-eabi/lib//libc.a(lib_a-vfiprintf.o)
                0x000262e4                __sprint_r
                0x00026300                _vfiprintf_r
                0x00027390                vfiprintf
 .text          0x00027460       0x94 /opt/gnuarm-hardfp/arm-none-eabi/lib//libc.a(lib_a-callocr.o)
                0x00027460                _calloc_r
 .text          0x000274f4      0x108 /opt/gnuarm-hardfp/arm-none-eabi/lib//libc.a(lib_a-fclose.o)
                0x000274f4                _fclose_r
                0x000275e8                fclose
 .text          0x000275fc      0x188 /opt/gnuarm-hardfp/arm-none-eabi/lib//libc.a(lib_a-fputwc.o)
                0x000275fc                __fputwc
                0x0002771c                _fputwc_r
                0x0002773c                fputwc
 .text          0x00027784       0x3c /opt/gnuarm-hardfp/arm-none-eabi/lib//libc.a(lib_a-fstatr.o)
                0x00027784                _fstat_r
 .text          0x000277c0      0x4c4 /opt/gnuarm-hardfp/arm-none-eabi/lib//libc.a(lib_a-fvwrite.o)
                0x000277c0                __sfvwrite_r
 .text          0x00027c84      0x8d4 /opt/gnuarm-hardfp/arm-none-eabi/lib//libc.a(lib_a-gdtoa-gethex.o)
                0x00027d70                __gethex
 .text          0x00028558      0x260 /opt/gnuarm-hardfp/arm-none-eabi/lib//libc.a(lib_a-gdtoa-hexnan.o)
                0x00028558                __hexnan
 .text          0x000287b8       0x38 /opt/gnuarm-hardfp/arm-none-eabi/lib//libc.a(lib_a-isattyr.o)
                0x000287b8                _isatty_r
 .text          0x000287f0      0x564 /opt/gnuarm-hardfp/arm-none-eabi/lib//libc.a(lib_a-reallocr.o)
                0x000287f0                _realloc_r
 .text          0x00028d54     0x103c /opt/gnuarm-hardfp/arm-none-eabi/lib//libc.a(lib_a-svfiprintf.o)
                0x00028d54                __ssprint_r
                0x00028efc                _svfiprintf_r
 .text          0x00029d90      0x13c /opt/gnuarm-hardfp/arm-none-eabi/lib//libc.a(lib_a-wbuf.o)
                0x00029d90                __swbuf_r
                0x00029eb4                __swbuf
 .text          0x00029ecc      0x118 /opt/gnuarm-hardfp/arm-none-eabi/lib//libc.a(lib_a-wcrtomb.o)
                0x00029ecc                _wcrtomb_r
                0x00029f54                wcrtomb
 .text          0x00029fe4       0x70 /opt/gnuarm-hardfp/arm-none-eabi/lib//libc.a(lib_a-wctomb_r.o)
                0x00029fe4                __ascii_wctomb
                0x0002a00c                _wctomb_r
 .text          0x0002a054      0x20c /opt/gnuarm-hardfp/lib/gcc/arm-none-eabi/4.9.2/libgcc.a(_udivsi3.o)
                0x0002a054                __udivsi3
                0x0002a054                __aeabi_uidiv
                0x0002a240                __aeabi_uidivmod
 .text          0x0002a260      0x240 /opt/gnuarm-hardfp/lib/gcc/arm-none-eabi/4.9.2/libgcc.a(_divsi3.o)
                0x0002a260                __aeabi_idiv
                0x0002a260                __divsi3
                0x0002a480                __aeabi_idivmod
 .text          0x0002a4a0        0x4 /opt/gnuarm-hardfp/lib/gcc/arm-none-eabi/4.9.2/libgcc.a(_dvmd_tls.o)
                0x0002a4a0                __aeabi_ldiv0
                0x0002a4a0                __aeabi_idiv0
 .text          0x0002a4a4      0x3b8 /opt/gnuarm-hardfp/lib/gcc/arm-none-eabi/4.9.2/libgcc.a(_arm_addsubdf3.o)
                0x0002a4a4                __aeabi_drsub
                0x0002a4ac                __aeabi_dsub
                0x0002a4ac                __subdf3
                0x0002a4b0                __adddf3
                0x0002a4b0                __aeabi_dadd
                0x0002a75c                __aeabi_ui2d
                0x0002a75c                __floatunsidf
                0x0002a780                __floatsidf
                0x0002a780                __aeabi_i2d
                0x0002a7a8                __extendsfdf2
                0x0002a7a8                __aeabi_f2d
                0x0002a7e8                __aeabi_ul2d
                0x0002a7e8                __floatundidf
                0x0002a7fc                __floatdidf
                0x0002a7fc                __aeabi_l2d
 *fill*         0x0002a85c        0x4 
 .text          0x0002a860       0x48 /opt/gnuarm-hardfp/lib/gcc/arm-none-eabi/4.9.2/libgcc.a(_fixunsdfdi.o)
                0x0002a860                __aeabi_d2ulz
                0x0002a860                __fixunsdfdi

.glue_7         0x0002a8a8        0x0
 .glue_7        0x0002a8a8        0x0 linker stubs

.glue_7t        0x0002a8a8        0x0
 .glue_7t       0x0002a8a8        0x0 linker stubs

.vfp11_veneer   0x0002a8a8        0x0
 .vfp11_veneer  0x0002a8a8        0x0 linker stubs

.v4_bx          0x0002a8a8        0x0
 .v4_bx         0x0002a8a8        0x0 linker stubs

.iplt           0x0002a8a8        0x0
 .iplt          0x0002a8a8        0x0 build/vectors.o

.rodata         0x0002a8a8     0x17ac
                0x0002a8a8                . = ALIGN (0x4)
 *(.rodata)
 .rodata        0x0002a8a8       0x20 build/ui_functions.o
                0x0002a8a8                ui_functions
 .rodata        0x0002a8c8       0x20 build/main.o
                0x0002a8c8                events
                0x0002a8e0                poll_table
 .rodata        0x0002a8e8       0x90 ../ff9b/lib/libff9b.a(ff.o)
 .rodata        0x0002a978      0x4c0 ../ff9b/lib/libff9b.a(ccsbcs.o)
 .rodata        0x0002ae38       0x14 ../emmc/lib/libemmc.a(bcm2835_emmc.o)
 .rodata        0x0002ae4c      0x19c ../hal-baremetal/lib/libhal.a(hardware.o)
                0x0002ae68                board_version
 .rodata        0x0002afe8       0x10 ../bob-baremetal/lib/libbob.a(bw_i2c_ui.o)
 .rodata        0x0002aff8        0x8 ../bob-baremetal/lib/libbob.a(bw_spi_lcd.o)
 .rodata        0x0002b000        0x4 /opt/gnuarm-hardfp/arm-none-eabi/lib//libc.a(lib_a-impure.o)
                0x0002b000                _global_impure_ptr
 .rodata        0x0002b004       0x60 /opt/gnuarm-hardfp/arm-none-eabi/lib//libc.a(lib_a-mktime.o)
 .rodata        0x0002b064       0x60 /opt/gnuarm-hardfp/arm-none-eabi/lib//libc.a(lib_a-month_lengths.o)
                0x0002b064                __month_lengths
 .rodata        0x0002b0c4       0x24 /opt/gnuarm-hardfp/arm-none-eabi/lib//libc.a(lib_a-svfscanf.o)
 .rodata        0x0002b0e8       0x20 /opt/gnuarm-hardfp/arm-none-eabi/lib//libc.a(lib_a-vfprintf.o)
 .rodata        0x0002b108      0x104 /opt/gnuarm-hardfp/arm-none-eabi/lib//libc.a(lib_a-ctype_.o)
                0x0002b108                _ctype_
 *fill*         0x0002b20c        0x4 
 .rodata        0x0002b210      0x128 /opt/gnuarm-hardfp/arm-none-eabi/lib//libc.a(lib_a-mprec.o)
                0x0002b220                __mprec_tens
                0x0002b2e8                __mprec_tinytens
                0x0002b310                __mprec_bigtens
 .rodata        0x0002b338       0x50 /opt/gnuarm-hardfp/arm-none-eabi/lib//libc.a(lib_a-strtod.o)
 .rodata        0x0002b388       0x24 /opt/gnuarm-hardfp/arm-none-eabi/lib//libc.a(lib_a-svfiscanf.o)
 .rodata        0x0002b3ac       0x20 /opt/gnuarm-hardfp/arm-none-eabi/lib//libc.a(lib_a-svfprintf.o)
 .rodata        0x0002b3cc       0x20 /opt/gnuarm-hardfp/arm-none-eabi/lib//libc.a(lib_a-vfiprintf.o)
 .rodata        0x0002b3ec      0x100 /opt/gnuarm-hardfp/arm-none-eabi/lib//libc.a(lib_a-gdtoa-gethex.o)
                0x0002b3ec                __hexdig
 .rodata        0x0002b4ec       0x20 /opt/gnuarm-hardfp/arm-none-eabi/lib//libc.a(lib_a-svfiprintf.o)
 *(.rodata.*)
 .rodata.str1.4
                0x0002b50c      0x1e0 build/dmx_devices.o
 .rodata.str1.4
                0x0002b6ec        0xa build/ui_dmx_function_slave.o
                                  0xc (size before relaxing)
 *fill*         0x0002b6f6        0x2 
 .rodata.str1.4
                0x0002b6f8        0x6 build/ui_function_clock.o
                                  0x8 (size before relaxing)
 *fill*         0x0002b6fe        0x2 
 .rodata.str1.4
                0x0002b700       0x2d build/ui_function_reboot.o
                                 0x30 (size before relaxing)
 *fill*         0x0002b72d        0x3 
 .rodata.str1.4
                0x0002b730       0x7c build/ui_functions.o
 .rodata.str1.4
                0x0002b7ac       0x64 build/main.o
                                 0x70 (size before relaxing)
 .rodata.str1.4
                0x0002b810       0x45 build/devices/bw_spi_7fets.o
                                 0x48 (size before relaxing)
 *fill*         0x0002b855        0x3 
 .rodata.str1.4
                0x0002b858       0x46 build/devices/bw_spi_dimmer.o
                                 0x48 (size before relaxing)
 *fill*         0x0002b89e        0x2 
 .rodata.str1.4
                0x0002b8a0       0x3b build/devices/bw_spi_dio.o
                                 0x3c (size before relaxing)
 *fill*         0x0002b8db        0x1 
 .rodata.str1.4
                0x0002b8dc       0x3b build/devices/bw_spi_lcd.o
                                 0x3c (size before relaxing)
 *fill*         0x0002b917        0x1 
 .rodata.str1.4
                0x0002b918       0x45 build/devices/bw_spi_relay.o
                                 0x48 (size before relaxing)
 *fill*         0x0002b95d        0x3 
 .rodata.str1.4
                0x0002b960       0x31 build/devices/mcp23s08.o
                                 0x34 (size before relaxing)
 *fill*         0x0002b991        0x3 
 .rodata.str1.4
                0x0002b994       0x30 build/devices/mcp4822.o
 .rodata.str1.4
                0x0002b9c4       0x30 build/devices/mcp4902.o
 .rodata.str1.4
                0x0002b9f4       0x13 ../ff9b/lib/libff9b.a(ff.o)
                                 0x14 (size before relaxing)
 *fill*         0x0002ba07        0x1 
 .rodata.str1.4
                0x0002ba08      0x3fc ../emmc/lib/libemmc.a(sd.o)
 .rodata.str1.4
                0x0002be04      0x1c7 ../emmc/lib/libemmc.a(bcm2835_emmc.o)
                                0x1c8 (size before relaxing)
 *fill*         0x0002bfcb        0x1 
 .rodata.str1.4
                0x0002bfcc        0x6 ../bob-baremetal/lib/libbob.a(bw_i2c_ui.o)
                                  0x8 (size before relaxing)
 *fill*         0x0002bfd2        0x2 
 .rodata.str1.4
                0x0002bfd4        0x2 /opt/gnuarm-hardfp/arm-none-eabi/lib//libc.a(lib_a-impure.o)
                                  0x4 (size before relaxing)
 *fill*         0x0002bfd6        0x2 
 .rodata.str1.4
                0x0002bfd8        0x5 /opt/gnuarm-hardfp/arm-none-eabi/lib//libc.a(lib_a-svfscanf.o)
                                  0x8 (size before relaxing)
 *fill*         0x0002bfdd        0x3 
 .rodata.str1.4
                0x0002bfe0        0x4 /opt/gnuarm-hardfp/arm-none-eabi/lib//libc.a(lib_a-tzvars.o)
 .rodata.str1.4
                0x0002bfe4       0x42 /opt/gnuarm-hardfp/arm-none-eabi/lib//libc.a(lib_a-vfprintf.o)
                                 0x44 (size before relaxing)
 *fill*         0x0002c026        0x2 
 .rodata.str1.4
                0x0002c028       0x10 /opt/gnuarm-hardfp/arm-none-eabi/lib//libc.a(lib_a-dtoa.o)
                                 0x14 (size before relaxing)
 .rodata.str1.4
                0x0002c038        0xa /opt/gnuarm-hardfp/arm-none-eabi/lib//libc.a(lib_a-locale.o)
                                 0x14 (size before relaxing)
 .rodata.str1.4
                0x0002c042        0x4 /opt/gnuarm-hardfp/arm-none-eabi/lib//libc.a(lib_a-mbrtowc.o)
 *fill*         0x0002c042        0x2 
 .rodata.str1.4
                0x0002c044       0x10 /opt/gnuarm-hardfp/arm-none-eabi/lib//libc.a(lib_a-strtod.o)
 .rodata.str1.4
                0x0002c054       0x44 /opt/gnuarm-hardfp/arm-none-eabi/lib//libc.a(lib_a-svfprintf.o)
 .rodata.str1.4
                0x0002c054       0x30 /opt/gnuarm-hardfp/arm-none-eabi/lib//libc.a(lib_a-vfiprintf.o)
 .rodata.str1.4
                0x0002c054       0x30 /opt/gnuarm-hardfp/arm-none-eabi/lib//libc.a(lib_a-svfiprintf.o)
 *(.rodata.str1.4)
 *(.shstrtab)
 *(.strtab)
                0x0002c098                __data_start = .

.eh_frame       0x0002c054       0x70
 .eh_frame      0x0002c054       0x70 /opt/gnuarm-hardfp/arm-none-eabi/lib//libc.a(lib_a-strcmp.o)

.rel.dyn        0x0002c0c4        0x0
 .rel.iplt      0x0002c0c4        0x0 build/vectors.o

.data           0x0002c0c8     0x1100
                0x0002c0c8                . = ALIGN (0x4)
 *(SORT(.table*))
 .table.devices
                0x0002c0c8        0x0 build/dmx_devices.o
                0x0002c0c8                devices_table
 .table.devices.1.bw_spi_7fets
                0x0002c0c8        0x8 build/devices/bw_spi_7fets.o
                0x0002c0c8                bw_spi_7fets_ptr
 .table.devices.1.bw_spi_dimmer
                0x0002c0d0        0x8 build/devices/bw_spi_dimmer.o
                0x0002c0d0                bw_spi_dimmer_ptr
 .table.devices.1.bw_spi_dio
                0x0002c0d8        0x8 build/devices/bw_spi_dio.o
                0x0002c0d8                bw_spi_dio_ptr
 .table.devices.1.bw_spi_lcd
                0x0002c0e0        0x8 build/devices/bw_spi_lcd.o
                0x0002c0e0                bw_spi_lcd_ptr
 .table.devices.1.bw_spi_relay
                0x0002c0e8        0x8 build/devices/bw_spi_relay.o
                0x0002c0e8                bw_spi_relay_ptr
 .table.devices.1.mcp23s08
                0x0002c0f0        0x8 build/devices/mcp23s08.o
                0x0002c0f0                mcp23s08_ptr
 .table.devices.1.mcp4822
                0x0002c0f8        0x8 build/devices/mcp4822.o
                0x0002c0f8                mcp4822_ptr
 .table.devices.1.mcp4902
                0x0002c100        0x8 build/devices/mcp4902.o
                0x0002c100                mcp4902_ptr
 .table.devices.END
                0x0002c108        0x0 build/dmx_devices.o
                0x0002c108                devices_table_end
 .table.devices_init
                0x0002c108        0x0 build/dmx_devices.o
                0x0002c108                devices_init_table
 .table.devices_init.1.bw_spi_7fets_init
                0x0002c108        0x8 build/devices/bw_spi_7fets.o
                0x0002c108                bw_spi_7fets_init_ptr
 .table.devices_init.1.bw_spi_dimmer_init
                0x0002c110        0x8 build/devices/bw_spi_dimmer.o
                0x0002c110                bw_spi_dimmer_init_ptr
 .table.devices_init.1.bw_spi_dio_init
                0x0002c118        0x8 build/devices/bw_spi_dio.o
                0x0002c118                bw_spi_dio_init_ptr
 .table.devices_init.1.bw_spi_lcd_init
                0x0002c120        0x8 build/devices/bw_spi_lcd.o
                0x0002c120                bw_spi_lcd_init_ptr
 .table.devices_init.1.bw_spi_relay_init
                0x0002c128        0x8 build/devices/bw_spi_relay.o
                0x0002c128                bw_spi_relay_init_ptr
 .table.devices_init.1.mcp23s08_init
                0x0002c130        0x8 build/devices/mcp23s08.o
                0x0002c130                mcp23s08_init_ptr
 .table.devices_init.1.mcp4822_init
                0x0002c138        0x8 build/devices/mcp4822.o
                0x0002c138                mcp4822_init_ptr
 .table.devices_init.1.mcp4902_init
                0x0002c140        0x8 build/devices/mcp4902.o
                0x0002c140                mcp4902_init_ptr
 .table.devices_init.END
                0x0002c148        0x0 build/dmx_devices.o
                0x0002c148                devices_init_table_end
 *(.ahb_sram_0)
 *(.data)
 .data          0x0002c148        0x0 build/vectors.o
 .data          0x0002c148        0x4 build/irq_led.o
 .data          0x0002c14c        0x0 build/dmx_data.o
 .data          0x0002c14c        0x0 build/dmx_devices.o
 .data          0x0002c14c       0x14 build/ui_dmx_function_analyzer.o
 .data          0x0002c160       0x38 build/ui_dmx_function_slave.o
 .data          0x0002c198        0x0 build/ui_function_clock.o
 .data          0x0002c198        0x0 build/ui_function_reboot.o
 .data          0x0002c198        0xc build/ui_functions.o
                0x0002c198                ui_function_menu
                0x0002c19c                ui_function_active
                0x0002c1a0                do_ui_cls
 .data          0x0002c1a4        0x0 build/main.o
 .data          0x0002c1a4        0x0 build/syscalls.o
 .data          0x0002c1a4        0x0 build/devices/bw_spi_7fets.o
 .data          0x0002c1a4        0x0 build/devices/bw_spi_dimmer.o
 .data          0x0002c1a4        0x0 build/devices/bw_spi_dio.o
 .data          0x0002c1a4        0x0 build/devices/bw_spi_lcd.o
 .data          0x0002c1a4        0x0 build/devices/bw_spi_relay.o
 .data          0x0002c1a4        0x0 build/devices/mcp23s08.o
 .data          0x0002c1a4        0x0 build/devices/mcp4822.o
 .data          0x0002c1a4        0x0 build/devices/mcp4902.o
 .data          0x0002c1a4        0x2 ../fb/lib/libfb.a(console.o)
 .data          0x0002c1a6        0x0 ../fb/lib/libfb.a(fb.o)
 *fill*         0x0002c1a6        0x2 
 .data          0x0002c1a8      0x600 ../fb/lib/libfb.a(font.o)
                0x0002c1a8                FONT
 .data          0x0002c7a8        0x0 ../ff9b/lib/libff9b.a(ff.o)
 .data          0x0002c7a8        0x0 ../ff9b/lib/libff9b.a(ccsbcs.o)
 .data          0x0002c7a8        0x1 ../emmc/lib/libemmc.a(diskio.o)
                0x0002c7a8                Stat
 .data          0x0002c7a9        0x0 ../emmc/lib/libemmc.a(block_cache.o)
 *fill*         0x0002c7a9        0x3 
 .data          0x0002c7ac      0x100 ../emmc/lib/libemmc.a(sd.o)
                0x0002c7ac                sd_commands
 .data          0x0002c8ac        0x0 ../emmc/lib/libemmc.a(qmemcpy.o)
 .data          0x0002c8ac        0x0 ../emmc/lib/libemmc.a(bcm2835_emmc.o)
 .data          0x0002c8ac        0x8 ../hal-baremetal/lib/libhal.a(hardware.o)
 .data          0x0002c8b4        0x0 ../hal-baremetal/lib/libhal.a(sys_time.o)
 .data          0x0002c8b4        0x1 ../bob-baremetal/lib/libbob.a(bw_i2c_ui.o)
 .data          0x0002c8b5        0x0 ../bob-baremetal/lib/libbob.a(bw_spi_7fets.o)
 .data          0x0002c8b5        0x0 ../bob-baremetal/lib/libbob.a(bw_spi_dimmer.o)
 .data          0x0002c8b5        0x0 ../bob-baremetal/lib/libbob.a(bw_spi_dio.o)
 .data          0x0002c8b5        0x0 ../bob-baremetal/lib/libbob.a(bw_spi_lcd.o)
 .data          0x0002c8b5        0x0 ../bob-baremetal/lib/libbob.a(bw_spi_relay.o)
 .data          0x0002c8b5        0x0 ../bob-baremetal/lib/libbob.a(mcp23s08.o)
 .data          0x0002c8b5        0x1 ../bob-baremetal/lib/libbob.a(mcp7941x.o)
 .data          0x0002c8b6        0x0 ../bcm2835-baremetal/lib/libbcm2835.a(bcm2835_gpio.o)
 .data          0x0002c8b6        0x0 ../bcm2835-baremetal/lib/libbcm2835.a(bcm2835_i2c.o)
 .data          0x0002c8b6        0x0 ../bcm2835-baremetal/lib/libbcm2835.a(bcm2835_led.o)
 .data          0x0002c8b6        0x0 ../bcm2835-baremetal/lib/libbcm2835.a(bcm2835_mailbox.o)
 .data          0x0002c8b6        0x0 ../bcm2835-baremetal/lib/libbcm2835.a(bcm2835_spi.o)
 .data          0x0002c8b6        0x0 ../bcm2835-baremetal/lib/libbcm2835.a(bcm2835_vc.o)
 .data          0x0002c8b6        0x0 ../bcm2835-baremetal/lib/libbcm2835.a(bcm2835_wdog.o)
 .data          0x0002c8b6        0x0 ../bcm2835-baremetal/lib/libbcm2835.a(bcm2835_spi_write.o)
 .data          0x0002c8b6        0x0 ../bcm2835-baremetal/lib/libbcm2835.a(bcm2835_udelay.o)
 .data          0x0002c8b6        0x0 /opt/gnuarm-hardfp/arm-none-eabi/lib//libc.a(lib_a-errno.o)
 *fill*         0x0002c8b6        0x2 
 .data          0x0002c8b8      0x430 /opt/gnuarm-hardfp/arm-none-eabi/lib//libc.a(lib_a-impure.o)
                0x0002c8b8                _impure_ptr
 .data          0x0002cce8        0x0 /opt/gnuarm-hardfp/arm-none-eabi/lib//libc.a(lib_a-lcltime.o)
 .data          0x0002cce8        0x0 /opt/gnuarm-hardfp/arm-none-eabi/lib//libc.a(lib_a-lcltime_r.o)
 .data          0x0002cce8        0x0 /opt/gnuarm-hardfp/arm-none-eabi/lib//libc.a(lib_a-malloc.o)
 .data          0x0002cce8      0x410 /opt/gnuarm-hardfp/arm-none-eabi/lib//libc.a(lib_a-mallocr.o)
                0x0002cce8                __malloc_av_
                0x0002d0f0                __malloc_sbrk_base
                0x0002d0f4                __malloc_trim_threshold
 .data          0x0002d0f8        0x0 /opt/gnuarm-hardfp/arm-none-eabi/lib//libc.a(lib_a-memcpy.o)
 .data          0x0002d0f8        0x0 /opt/gnuarm-hardfp/arm-none-eabi/lib//libc.a(lib_a-memmove.o)
 .data          0x0002d0f8        0x0 /opt/gnuarm-hardfp/arm-none-eabi/lib//libc.a(lib_a-memset.o)
 .data          0x0002d0f8        0x0 /opt/gnuarm-hardfp/arm-none-eabi/lib//libc.a(lib_a-mktime.o)
 .data          0x0002d0f8        0x0 /opt/gnuarm-hardfp/arm-none-eabi/lib//libc.a(lib_a-mlock.o)
 .data          0x0002d0f8        0x0 /opt/gnuarm-hardfp/arm-none-eabi/lib//libc.a(lib_a-month_lengths.o)
 .data          0x0002d0f8        0x0 /opt/gnuarm-hardfp/arm-none-eabi/lib//libc.a(lib_a-printf.o)
 .data          0x0002d0f8        0x0 /opt/gnuarm-hardfp/arm-none-eabi/lib//libc.a(lib_a-sbrkr.o)
 .data          0x0002d0f8        0x0 /opt/gnuarm-hardfp/arm-none-eabi/lib//libc.a(lib_a-sscanf.o)
 .data          0x0002d0f8        0x0 /opt/gnuarm-hardfp/arm-none-eabi/lib//libc.a(lib_a-stdio.o)
 .data          0x0002d0f8        0x0 /opt/gnuarm-hardfp/arm-none-eabi/lib//libc.a(lib_a-strcmp.o)
 .data          0x0002d0f8        0x0 /opt/gnuarm-hardfp/arm-none-eabi/lib//libc.a(lib_a-strlen.o)
 .data          0x0002d0f8        0x0 /opt/gnuarm-hardfp/arm-none-eabi/lib//libc.a(lib_a-strncmp.o)
 .data          0x0002d0f8        0x0 /opt/gnuarm-hardfp/arm-none-eabi/lib//libc.a(lib_a-strncpy.o)
 .data          0x0002d0f8        0x0 /opt/gnuarm-hardfp/arm-none-eabi/lib//libc.a(lib_a-svfscanf.o)
 .data          0x0002d0f8        0x0 /opt/gnuarm-hardfp/arm-none-eabi/lib//libc.a(lib_a-tzcalc_limits.o)
 .data          0x0002d0f8        0x0 /opt/gnuarm-hardfp/arm-none-eabi/lib//libc.a(lib_a-tzlock.o)
 .data          0x0002d0f8        0x8 /opt/gnuarm-hardfp/arm-none-eabi/lib//libc.a(lib_a-tzvars.o)
                0x0002d0f8                _tzname
 .data          0x0002d100        0x0 /opt/gnuarm-hardfp/arm-none-eabi/lib//libc.a(lib_a-vfprintf.o)
 .data          0x0002d100        0x0 /opt/gnuarm-hardfp/arm-none-eabi/lib//libc.a(lib_a-writer.o)
 .data          0x0002d100        0x0 /opt/gnuarm-hardfp/arm-none-eabi/lib//libc.a(lib_a-wsetup.o)
 .data          0x0002d100        0x0 /opt/gnuarm-hardfp/arm-none-eabi/lib//libc.a(lib_a-closer.o)
 .data          0x0002d100        0x4 /opt/gnuarm-hardfp/arm-none-eabi/lib//libc.a(lib_a-ctype_.o)
                0x0002d100                __ctype_ptr__
 .data          0x0002d104        0x0 /opt/gnuarm-hardfp/arm-none-eabi/lib//libc.a(lib_a-div.o)
 .data          0x0002d104        0x0 /opt/gnuarm-hardfp/arm-none-eabi/lib//libc.a(lib_a-dtoa.o)
 .data          0x0002d104        0x0 /opt/gnuarm-hardfp/arm-none-eabi/lib//libc.a(lib_a-fflush.o)
 .data          0x0002d104        0x0 /opt/gnuarm-hardfp/arm-none-eabi/lib//libc.a(lib_a-findfp.o)
 .data          0x0002d104        0x0 /opt/gnuarm-hardfp/arm-none-eabi/lib//libc.a(lib_a-freer.o)
 .data          0x0002d104        0x0 /opt/gnuarm-hardfp/arm-none-eabi/lib//libc.a(lib_a-fwalk.o)
 .data          0x0002d104       0x40 /opt/gnuarm-hardfp/arm-none-eabi/lib//libc.a(lib_a-gettzinfo.o)
 .data          0x0002d144        0x0 /opt/gnuarm-hardfp/arm-none-eabi/lib//libc.a(lib_a-gmtime_r.o)
 .data          0x0002d144        0x0 /opt/gnuarm-hardfp/arm-none-eabi/lib//libc.a(lib_a-iswspace.o)
 .data          0x0002d144       0x7c /opt/gnuarm-hardfp/arm-none-eabi/lib//libc.a(lib_a-locale.o)
                0x0002d164                __mb_cur_max
 .data          0x0002d1c0        0x0 /opt/gnuarm-hardfp/arm-none-eabi/lib//libc.a(lib_a-lseekr.o)
 .data          0x0002d1c0        0x0 /opt/gnuarm-hardfp/arm-none-eabi/lib//libc.a(lib_a-makebuf.o)
 .data          0x0002d1c0        0x0 /opt/gnuarm-hardfp/arm-none-eabi/lib//libc.a(lib_a-mbrtowc.o)
 .data          0x0002d1c0        0x4 /opt/gnuarm-hardfp/arm-none-eabi/lib//libc.a(lib_a-mbtowc_r.o)
                0x0002d1c0                __mbtowc
 .data          0x0002d1c4        0x0 /opt/gnuarm-hardfp/arm-none-eabi/lib//libc.a(lib_a-memchr.o)
 .data          0x0002d1c4        0x0 /opt/gnuarm-hardfp/arm-none-eabi/lib//libc.a(lib_a-mprec.o)
 .data          0x0002d1c4        0x0 /opt/gnuarm-hardfp/arm-none-eabi/lib//libc.a(lib_a-readr.o)
 .data          0x0002d1c4        0x0 /opt/gnuarm-hardfp/arm-none-eabi/lib//libc.a(lib_a-reent.o)
 .data          0x0002d1c4        0x0 /opt/gnuarm-hardfp/arm-none-eabi/lib//libc.a(lib_a-sccl.o)
 .data          0x0002d1c4        0x0 /opt/gnuarm-hardfp/arm-none-eabi/lib//libc.a(lib_a-sf_nan.o)
 .data          0x0002d1c4        0x0 /opt/gnuarm-hardfp/arm-none-eabi/lib//libc.a(lib_a-s_fpclassify.o)
 .data          0x0002d1c4        0x0 /opt/gnuarm-hardfp/arm-none-eabi/lib//libc.a(lib_a-sprintf.o)
 .data          0x0002d1c4        0x0 /opt/gnuarm-hardfp/arm-none-eabi/lib//libc.a(lib_a-strtod.o)
 .data          0x0002d1c4        0x0 /opt/gnuarm-hardfp/arm-none-eabi/lib//libc.a(lib_a-strtol.o)
 .data          0x0002d1c4        0x0 /opt/gnuarm-hardfp/arm-none-eabi/lib//libc.a(lib_a-strtoul.o)
 .data          0x0002d1c4        0x0 /opt/gnuarm-hardfp/arm-none-eabi/lib//libc.a(lib_a-svfiscanf.o)
 .data          0x0002d1c4        0x0 /opt/gnuarm-hardfp/arm-none-eabi/lib//libc.a(lib_a-svfprintf.o)
 .data          0x0002d1c4        0x0 /opt/gnuarm-hardfp/arm-none-eabi/lib//libc.a(lib_a-ungetc.o)
 .data          0x0002d1c4        0x0 /opt/gnuarm-hardfp/arm-none-eabi/lib//libc.a(lib_a-vfiprintf.o)
 .data          0x0002d1c4        0x0 /opt/gnuarm-hardfp/arm-none-eabi/lib//libc.a(lib_a-callocr.o)
 .data          0x0002d1c4        0x0 /opt/gnuarm-hardfp/arm-none-eabi/lib//libc.a(lib_a-fclose.o)
 .data          0x0002d1c4        0x0 /opt/gnuarm-hardfp/arm-none-eabi/lib//libc.a(lib_a-fputwc.o)
 .data          0x0002d1c4        0x0 /opt/gnuarm-hardfp/arm-none-eabi/lib//libc.a(lib_a-fstatr.o)
 .data          0x0002d1c4        0x0 /opt/gnuarm-hardfp/arm-none-eabi/lib//libc.a(lib_a-fvwrite.o)
 .data          0x0002d1c4        0x0 /opt/gnuarm-hardfp/arm-none-eabi/lib//libc.a(lib_a-gdtoa-gethex.o)
 .data          0x0002d1c4        0x0 /opt/gnuarm-hardfp/arm-none-eabi/lib//libc.a(lib_a-gdtoa-hexnan.o)
 .data          0x0002d1c4        0x0 /opt/gnuarm-hardfp/arm-none-eabi/lib//libc.a(lib_a-isattyr.o)
 .data          0x0002d1c4        0x0 /opt/gnuarm-hardfp/arm-none-eabi/lib//libc.a(lib_a-reallocr.o)
 .data          0x0002d1c4        0x0 /opt/gnuarm-hardfp/arm-none-eabi/lib//libc.a(lib_a-svfiprintf.o)
 .data          0x0002d1c4        0x0 /opt/gnuarm-hardfp/arm-none-eabi/lib//libc.a(lib_a-wbuf.o)
 .data          0x0002d1c4        0x0 /opt/gnuarm-hardfp/arm-none-eabi/lib//libc.a(lib_a-wcrtomb.o)
 .data          0x0002d1c4        0x4 /opt/gnuarm-hardfp/arm-none-eabi/lib//libc.a(lib_a-wctomb_r.o)
                0x0002d1c4                __wctomb
 .data          0x0002d1c8        0x0 /opt/gnuarm-hardfp/lib/gcc/arm-none-eabi/4.9.2/libgcc.a(_udivsi3.o)
 .data          0x0002d1c8        0x0 /opt/gnuarm-hardfp/lib/gcc/arm-none-eabi/4.9.2/libgcc.a(_divsi3.o)
 .data          0x0002d1c8        0x0 /opt/gnuarm-hardfp/lib/gcc/arm-none-eabi/4.9.2/libgcc.a(_dvmd_tls.o)
 .data          0x0002d1c8        0x0 /opt/gnuarm-hardfp/lib/gcc/arm-none-eabi/4.9.2/libgcc.a(_arm_addsubdf3.o)
 .data          0x0002d1c8        0x0 /opt/gnuarm-hardfp/lib/gcc/arm-none-eabi/4.9.2/libgcc.a(_fixunsdfdi.o)
                0x0002d1c8                __data_end = .
                0x0002d1c8                __bss_start = .

.igot.plt       0x0002d1c8        0x0
 .igot.plt      0x0002d1c8        0x0 build/vectors.o

.bss            0x0002d1c8      0x444
                0x0002d1c8                . = ALIGN (0x4)
 *(.bss*)
 .bss           0x0002d1c8        0x0 build/vectors.o
 .bss           0x0002d1c8        0x4 build/irq_led.o
 .bss           0x0002d1cc        0x8 build/dmx_data.o
 .bss           0x0002d1d4       0x10 build/dmx_devices.o
                0x0002d1dc                dmx_devices_cycle_count_prev
                0x0002d1e0                dmx_devices_refresh_count_prev
 .bss           0x0002d1e4        0x0 build/ui_dmx_function_analyzer.o
 .bss           0x0002d1e4        0x8 build/ui_dmx_function_slave.o
 .bss           0x0002d1ec       0x10 build/ui_function_clock.o
 .bss           0x0002d1fc        0x0 build/ui_function_reboot.o
 .bss           0x0002d1fc        0x1 build/ui_functions.o
                0x0002d1fc                enter
 .bss           0x0002d1fd        0x0 build/main.o
 *fill*         0x0002d1fd        0x3 
 .bss           0x0002d200        0x4 build/syscalls.o
                0x0002d200                heap_end
 .bss           0x0002d204        0x0 build/devices/bw_spi_7fets.o
 .bss           0x0002d204        0x0 build/devices/bw_spi_dimmer.o
 .bss           0x0002d204        0x0 build/devices/bw_spi_dio.o
 .bss           0x0002d204        0x0 build/devices/bw_spi_lcd.o
 .bss           0x0002d204        0x0 build/devices/bw_spi_relay.o
 .bss           0x0002d204        0x0 build/devices/mcp23s08.o
 .bss           0x0002d204        0x0 build/devices/mcp4822.o
 .bss           0x0002d204        0x0 build/devices/mcp4902.o
 .bss           0x0002d204        0xc ../fb/lib/libfb.a(console.o)
 .bss           0x0002d210        0x0 ../fb/lib/libfb.a(fb.o)
 .bss           0x0002d210        0x0 ../fb/lib/libfb.a(font.o)
 .bss           0x0002d210       0x8c ../ff9b/lib/libff9b.a(ff.o)
 .bss           0x0002d29c        0x0 ../ff9b/lib/libff9b.a(ccsbcs.o)
 .bss           0x0002d29c        0x8 ../emmc/lib/libemmc.a(diskio.o)
 .bss           0x0002d2a4        0x0 ../emmc/lib/libemmc.a(block_cache.o)
 .bss           0x0002d2a4        0x0 ../emmc/lib/libemmc.a(sd.o)
 .bss           0x0002d2a4        0x0 ../emmc/lib/libemmc.a(qmemcpy.o)
 .bss           0x0002d2a4        0x0 ../emmc/lib/libemmc.a(bcm2835_emmc.o)
 *fill*         0x0002d2a4        0x4 
 .bss           0x0002d2a8        0x8 ../hal-baremetal/lib/libhal.a(hardware.o)
 .bss           0x0002d2b0       0x10 ../hal-baremetal/lib/libhal.a(sys_time.o)
 .bss           0x0002d2c0        0x0 ../bob-baremetal/lib/libbob.a(bw_i2c_ui.o)
 .bss           0x0002d2c0        0x0 ../bob-baremetal/lib/libbob.a(bw_spi_7fets.o)
 .bss           0x0002d2c0        0x0 ../bob-baremetal/lib/libbob.a(bw_spi_dimmer.o)
 .bss           0x0002d2c0        0x0 ../bob-baremetal/lib/libbob.a(bw_spi_dio.o)
 .bss           0x0002d2c0        0x0 ../bob-baremetal/lib/libbob.a(bw_spi_lcd.o)
 .bss           0x0002d2c0        0x0 ../bob-baremetal/lib/libbob.a(bw_spi_relay.o)
 .bss           0x0002d2c0        0x0 ../bob-baremetal/lib/libbob.a(mcp23s08.o)
 .bss           0x0002d2c0        0x0 ../bob-baremetal/lib/libbob.a(mcp7941x.o)
 .bss           0x0002d2c0        0x0 ../bcm2835-baremetal/lib/libbcm2835.a(bcm2835_gpio.o)
 .bss           0x0002d2c0        0x0 ../bcm2835-baremetal/lib/libbcm2835.a(bcm2835_i2c.o)
 .bss           0x0002d2c0        0x0 ../bcm2835-baremetal/lib/libbcm2835.a(bcm2835_led.o)
 .bss           0x0002d2c0        0x0 ../bcm2835-baremetal/lib/libbcm2835.a(bcm2835_mailbox.o)
 .bss           0x0002d2c0        0x0 ../bcm2835-baremetal/lib/libbcm2835.a(bcm2835_spi.o)
 .bss           0x0002d2c0        0x0 ../bcm2835-baremetal/lib/libbcm2835.a(bcm2835_vc.o)
 .bss           0x0002d2c0        0x0 ../bcm2835-baremetal/lib/libbcm2835.a(bcm2835_wdog.o)
 .bss           0x0002d2c0        0x0 ../bcm2835-baremetal/lib/libbcm2835.a(bcm2835_spi_write.o)
 .bss           0x0002d2c0        0x0 ../bcm2835-baremetal/lib/libbcm2835.a(bcm2835_udelay.o)
 .bss           0x0002d2c0        0x0 /opt/gnuarm-hardfp/arm-none-eabi/lib//libc.a(lib_a-errno.o)
 .bss           0x0002d2c0        0x0 /opt/gnuarm-hardfp/arm-none-eabi/lib//libc.a(lib_a-impure.o)
 .bss           0x0002d2c0        0x0 /opt/gnuarm-hardfp/arm-none-eabi/lib//libc.a(lib_a-lcltime.o)
 .bss           0x0002d2c0        0x0 /opt/gnuarm-hardfp/arm-none-eabi/lib//libc.a(lib_a-lcltime_r.o)
 .bss           0x0002d2c0        0x0 /opt/gnuarm-hardfp/arm-none-eabi/lib//libc.a(lib_a-malloc.o)
 .bss           0x0002d2c0       0x34 /opt/gnuarm-hardfp/arm-none-eabi/lib//libc.a(lib_a-mallocr.o)
                0x0002d2c0                __malloc_top_pad
                0x0002d2c4                __malloc_current_mallinfo
                0x0002d2ec                __malloc_max_sbrked_mem
                0x0002d2f0                __malloc_max_total_mem
 .bss           0x0002d2f4        0x0 /opt/gnuarm-hardfp/arm-none-eabi/lib//libc.a(lib_a-memcpy.o)
 .bss           0x0002d2f4        0x0 /opt/gnuarm-hardfp/arm-none-eabi/lib//libc.a(lib_a-memmove.o)
 .bss           0x0002d2f4        0x0 /opt/gnuarm-hardfp/arm-none-eabi/lib//libc.a(lib_a-memset.o)
 .bss           0x0002d2f4        0x0 /opt/gnuarm-hardfp/arm-none-eabi/lib//libc.a(lib_a-mktime.o)
 .bss           0x0002d2f4        0x0 /opt/gnuarm-hardfp/arm-none-eabi/lib//libc.a(lib_a-mlock.o)
 .bss           0x0002d2f4        0x0 /opt/gnuarm-hardfp/arm-none-eabi/lib//libc.a(lib_a-month_lengths.o)
 .bss           0x0002d2f4        0x0 /opt/gnuarm-hardfp/arm-none-eabi/lib//libc.a(lib_a-printf.o)
 .bss           0x0002d2f4        0x0 /opt/gnuarm-hardfp/arm-none-eabi/lib//libc.a(lib_a-sbrkr.o)
 .bss           0x0002d2f4        0x0 /opt/gnuarm-hardfp/arm-none-eabi/lib//libc.a(lib_a-sscanf.o)
 .bss           0x0002d2f4        0x0 /opt/gnuarm-hardfp/arm-none-eabi/lib//libc.a(lib_a-stdio.o)
 .bss           0x0002d2f4        0x0 /opt/gnuarm-hardfp/arm-none-eabi/lib//libc.a(lib_a-strcmp.o)
 .bss           0x0002d2f4        0x0 /opt/gnuarm-hardfp/arm-none-eabi/lib//libc.a(lib_a-strlen.o)
 .bss           0x0002d2f4        0x0 /opt/gnuarm-hardfp/arm-none-eabi/lib//libc.a(lib_a-strncmp.o)
 .bss           0x0002d2f4        0x0 /opt/gnuarm-hardfp/arm-none-eabi/lib//libc.a(lib_a-strncpy.o)
 .bss           0x0002d2f4        0x0 /opt/gnuarm-hardfp/arm-none-eabi/lib//libc.a(lib_a-svfscanf.o)
 .bss           0x0002d2f4        0x0 /opt/gnuarm-hardfp/arm-none-eabi/lib//libc.a(lib_a-tzcalc_limits.o)
 .bss           0x0002d2f4        0x0 /opt/gnuarm-hardfp/arm-none-eabi/lib//libc.a(lib_a-tzlock.o)
 .bss           0x0002d2f4        0x8 /opt/gnuarm-hardfp/arm-none-eabi/lib//libc.a(lib_a-tzvars.o)
                0x0002d2f4                _timezone
                0x0002d2f8                _daylight
 .bss           0x0002d2fc        0x0 /opt/gnuarm-hardfp/arm-none-eabi/lib//libc.a(lib_a-vfprintf.o)
 .bss           0x0002d2fc        0x0 /opt/gnuarm-hardfp/arm-none-eabi/lib//libc.a(lib_a-writer.o)
 .bss           0x0002d2fc        0x0 /opt/gnuarm-hardfp/arm-none-eabi/lib//libc.a(lib_a-wsetup.o)
 .bss           0x0002d2fc        0x0 /opt/gnuarm-hardfp/arm-none-eabi/lib//libc.a(lib_a-closer.o)
 .bss           0x0002d2fc        0x0 /opt/gnuarm-hardfp/arm-none-eabi/lib//libc.a(lib_a-ctype_.o)
 .bss           0x0002d2fc        0x0 /opt/gnuarm-hardfp/arm-none-eabi/lib//libc.a(lib_a-div.o)
 .bss           0x0002d2fc        0x0 /opt/gnuarm-hardfp/arm-none-eabi/lib//libc.a(lib_a-dtoa.o)
 .bss           0x0002d2fc        0x0 /opt/gnuarm-hardfp/arm-none-eabi/lib//libc.a(lib_a-fflush.o)
 .bss           0x0002d2fc        0x0 /opt/gnuarm-hardfp/arm-none-eabi/lib//libc.a(lib_a-findfp.o)
 .bss           0x0002d2fc        0x0 /opt/gnuarm-hardfp/arm-none-eabi/lib//libc.a(lib_a-freer.o)
 .bss           0x0002d2fc        0x0 /opt/gnuarm-hardfp/arm-none-eabi/lib//libc.a(lib_a-fwalk.o)
 .bss           0x0002d2fc        0x0 /opt/gnuarm-hardfp/arm-none-eabi/lib//libc.a(lib_a-gettzinfo.o)
 .bss           0x0002d2fc        0x0 /opt/gnuarm-hardfp/arm-none-eabi/lib//libc.a(lib_a-gmtime_r.o)
 .bss           0x0002d2fc        0x0 /opt/gnuarm-hardfp/arm-none-eabi/lib//libc.a(lib_a-iswspace.o)
 .bss           0x0002d2fc        0xc /opt/gnuarm-hardfp/arm-none-eabi/lib//libc.a(lib_a-locale.o)
                0x0002d2fc                _PathLocale
                0x0002d300                __mlocale_changed
                0x0002d304                __nlocale_changed
 .bss           0x0002d308        0x0 /opt/gnuarm-hardfp/arm-none-eabi/lib//libc.a(lib_a-lseekr.o)
 .bss           0x0002d308        0x0 /opt/gnuarm-hardfp/arm-none-eabi/lib//libc.a(lib_a-makebuf.o)
 .bss           0x0002d308        0x0 /opt/gnuarm-hardfp/arm-none-eabi/lib//libc.a(lib_a-mbrtowc.o)
 .bss           0x0002d308        0x0 /opt/gnuarm-hardfp/arm-none-eabi/lib//libc.a(lib_a-mbtowc_r.o)
 .bss           0x0002d308        0x0 /opt/gnuarm-hardfp/arm-none-eabi/lib//libc.a(lib_a-memchr.o)
 .bss           0x0002d308        0x0 /opt/gnuarm-hardfp/arm-none-eabi/lib//libc.a(lib_a-mprec.o)
 .bss           0x0002d308        0x0 /opt/gnuarm-hardfp/arm-none-eabi/lib//libc.a(lib_a-readr.o)
 .bss           0x0002d308        0x0 /opt/gnuarm-hardfp/arm-none-eabi/lib//libc.a(lib_a-reent.o)
 .bss           0x0002d308        0x0 /opt/gnuarm-hardfp/arm-none-eabi/lib//libc.a(lib_a-sccl.o)
 .bss           0x0002d308        0x0 /opt/gnuarm-hardfp/arm-none-eabi/lib//libc.a(lib_a-sf_nan.o)
 .bss           0x0002d308        0x0 /opt/gnuarm-hardfp/arm-none-eabi/lib//libc.a(lib_a-s_fpclassify.o)
 .bss           0x0002d308        0x0 /opt/gnuarm-hardfp/arm-none-eabi/lib//libc.a(lib_a-sprintf.o)
 .bss           0x0002d308        0x0 /opt/gnuarm-hardfp/arm-none-eabi/lib//libc.a(lib_a-strtod.o)
 .bss           0x0002d308        0x0 /opt/gnuarm-hardfp/arm-none-eabi/lib//libc.a(lib_a-strtol.o)
 .bss           0x0002d308        0x0 /opt/gnuarm-hardfp/arm-none-eabi/lib//libc.a(lib_a-strtoul.o)
 .bss           0x0002d308        0x0 /opt/gnuarm-hardfp/arm-none-eabi/lib//libc.a(lib_a-svfiscanf.o)
 .bss           0x0002d308        0x0 /opt/gnuarm-hardfp/arm-none-eabi/lib//libc.a(lib_a-svfprintf.o)
 .bss           0x0002d308        0x0 /opt/gnuarm-hardfp/arm-none-eabi/lib//libc.a(lib_a-ungetc.o)
 .bss           0x0002d308        0x0 /opt/gnuarm-hardfp/arm-none-eabi/lib//libc.a(lib_a-vfiprintf.o)
 .bss           0x0002d308        0x0 /opt/gnuarm-hardfp/arm-none-eabi/lib//libc.a(lib_a-callocr.o)
 .bss           0x0002d308        0x0 /opt/gnuarm-hardfp/arm-none-eabi/lib//libc.a(lib_a-fclose.o)
 .bss           0x0002d308        0x0 /opt/gnuarm-hardfp/arm-none-eabi/lib//libc.a(lib_a-fputwc.o)
 .bss           0x0002d308        0x0 /opt/gnuarm-hardfp/arm-none-eabi/lib//libc.a(lib_a-fstatr.o)
 .bss           0x0002d308        0x0 /opt/gnuarm-hardfp/arm-none-eabi/lib//libc.a(lib_a-fvwrite.o)
 .bss           0x0002d308        0x0 /opt/gnuarm-hardfp/arm-none-eabi/lib//libc.a(lib_a-gdtoa-gethex.o)
 .bss           0x0002d308        0x0 /opt/gnuarm-hardfp/arm-none-eabi/lib//libc.a(lib_a-gdtoa-hexnan.o)
 .bss           0x0002d308        0x0 /opt/gnuarm-hardfp/arm-none-eabi/lib//libc.a(lib_a-isattyr.o)
 .bss           0x0002d308        0x0 /opt/gnuarm-hardfp/arm-none-eabi/lib//libc.a(lib_a-reallocr.o)
 .bss           0x0002d308        0x0 /opt/gnuarm-hardfp/arm-none-eabi/lib//libc.a(lib_a-svfiprintf.o)
 .bss           0x0002d308        0x0 /opt/gnuarm-hardfp/arm-none-eabi/lib//libc.a(lib_a-wbuf.o)
 .bss           0x0002d308        0x0 /opt/gnuarm-hardfp/arm-none-eabi/lib//libc.a(lib_a-wcrtomb.o)
 .bss           0x0002d308        0x0 /opt/gnuarm-hardfp/arm-none-eabi/lib//libc.a(lib_a-wctomb_r.o)
 .bss           0x0002d308        0x0 /opt/gnuarm-hardfp/lib/gcc/arm-none-eabi/4.9.2/libgcc.a(_udivsi3.o)
 .bss           0x0002d308        0x0 /opt/gnuarm-hardfp/lib/gcc/arm-none-eabi/4.9.2/libgcc.a(_divsi3.o)
 .bss           0x0002d308        0x0 /opt/gnuarm-hardfp/lib/gcc/arm-none-eabi/4.9.2/libgcc.a(_dvmd_tls.o)
 .bss           0x0002d308        0x0 /opt/gnuarm-hardfp/lib/gcc/arm-none-eabi/4.9.2/libgcc.a(_arm_addsubdf3.o)
 .bss           0x0002d308        0x0 /opt/gnuarm-hardfp/lib/gcc/arm-none-eabi/4.9.2/libgcc.a(_fixunsdfdi.o)
 COMMON         0x0002d308      0x204 build/dmx_data.o
                0x0002d308                dmx_data_refreshed
                0x0002d30c                dmx_data
 COMMON         0x0002d50c       0xc4 build/dmx_devices.o
                0x0002d50c                devices_connected
 COMMON         0x0002d5d0        0x1 build/ui_functions.o
                0x0002d5d0                button
 *fill*         0x0002d5d1        0x7 
 COMMON         0x0002d5d8       0x18 build/main.o
                0x0002d5d8                events_elapsed_time
 COMMON         0x0002d5f0       0x18 ../fb/lib/libfb.a(fb.o)
                0x0002d5f0                fb_pitch
                0x0002d5f4                fb_width
                0x0002d5f8                fb_depth
                0x0002d5fc                fb_addr
                0x0002d600                fb_height
                0x0002d604                fb_size
 COMMON         0x0002d608        0x4 /opt/gnuarm-hardfp/arm-none-eabi/lib//libc.a(lib_a-reent.o)
                0x0002d608                errno
                0x0002d60c                __bss_end = .

/DISCARD/
 *(*.ARM.attributes)
 *(*.comment)
 *(*.debug*)
                0x0002d60c                PROVIDE (end, .)
                0x0002d60c                _end = .
                0x0002d60c                . = ALIGN (0x4)
                0x0002da0c                . = (. + __und_stack_size)
                0x0002da0c                __und_stack_top = .
                0x0002da0c                . = ALIGN (0x4)
                0x0002de0c                . = (. + __abt_stack_size)
                0x0002de0c                __abt_stack_top = .
                0x0002de0c                . = ALIGN (0x4)
                0x0002e20c                . = (. + __fiq_stack_size)
                0x0002e20c                __fiq_stack_top = .
                0x0002e20c                . = ALIGN (0x4)
                0x0002e60c                . = (. + __irq_stack_size)
                0x0002e60c                __irq_stack_top = .
                0x0002e60c                . = ALIGN (0x4)
                0x0002ea0c                . = (. + __svc_stack_size)
                0x0002ea0c                __svc_stack_top = .
                0x0002ea0c                . = ALIGN (0x4)
                0x0002ee0c                . = (. + __sys_stack_size)
                0x0002ee0c                __sys_stack_top = .
                0x0002ee10                . = ALIGN (0x8)
                0x0002ee10                heap_low = .
                0x08000000                heap_top = __ram_end
LOAD ../fb/lib/libfb.a
LOAD ../ff9b/lib/libff9b.a
LOAD ../emmc/lib/libemmc.a
LOAD ../hal-baremetal/lib/libhal.a
LOAD ../bob-baremetal/lib/libbob.a
LOAD ../bcm2835-baremetal/lib/libbcm2835.a
LOAD /opt/gnuarm-hardfp/arm-none-eabi/lib//libc.a
LOAD /opt/gnuarm-hardfp/lib/gcc/arm-none-eabi/4.9.2/libgcc.a
OUTPUT(build/main.elf elf32-littlearm)
